22:21:05 **** Clean-only build of configuration Release for project Tasks_Schedular ****
make clean 
rm -rf ./system/src/newlib/assert.o ./system/src/newlib/cxx.o ./system/src/newlib/exit.o ./system/src/newlib/sbrk.o ./system/src/newlib/startup.o ./system/src/newlib/syscalls.o  ./system/src/diag/trace-impl.o ./system/src/diag/trace.o  ./system/src/cortexm/exception-handlers.o ./system/src/cortexm/initialize-hardware.o ./system/src/cortexm/reset-hardware.o  ./system/src/cmsis/system_stm32f4xx.o ./system/src/cmsis/vectors_stm32f401xe.o  ./src/main.o  ./Rcc/Rcc.o  ./Led/Led.o  ./Gpio/Gpio.o Tasks_Schedular.hex Tasks_Schedular.siz ./system/src/newlib/assert.d ./system/src/newlib/exit.d ./system/src/newlib/sbrk.d ./system/src/newlib/startup.d ./system/src/newlib/syscalls.d  ./system/src/diag/trace-impl.d ./system/src/diag/trace.d  ./system/src/cortexm/exception-handlers.d ./system/src/cortexm/initialize-hardware.d ./system/src/cortexm/reset-hardware.d  ./system/src/cmsis/system_stm32f4xx.d ./system/src/cmsis/vectors_stm32f401xe.d  ./src/main.d  ./Rcc/Rcc.d  ./Led/Led.d  ./Gpio/Gpio.d ./system/src/newlib/cxx.d  Tasks_Schedular.elf
 
22:23:05 **** Clean-only build of configuration Release for project Tasks_Schedular ****
make clean 
rm -rf ./system/src/newlib/assert.o ./system/src/newlib/cxx.o ./system/src/newlib/exit.o ./system/src/newlib/sbrk.o ./system/src/newlib/startup.o ./system/src/newlib/syscalls.o  ./system/src/diag/trace-impl.o ./system/src/diag/trace.o  ./system/src/cortexm/exception-handlers.o ./system/src/cortexm/initialize-hardware.o ./system/src/cortexm/reset-hardware.o  ./system/src/cmsis/system_stm32f4xx.o ./system/src/cmsis/vectors_stm32f401xe.o  ./src/main.o  ./Rcc/Rcc.o  ./Led/Led.o  ./Gpio/Gpio.o Tasks_Schedular.hex Tasks_Schedular.siz ./system/src/newlib/assert.d ./system/src/newlib/exit.d ./system/src/newlib/sbrk.d ./system/src/newlib/startup.d ./system/src/newlib/syscalls.d  ./system/src/diag/trace-impl.d ./system/src/diag/trace.d  ./system/src/cortexm/exception-handlers.d ./system/src/cortexm/initialize-hardware.d ./system/src/cortexm/reset-hardware.d  ./system/src/cmsis/system_stm32f4xx.d ./system/src/cmsis/vectors_stm32f401xe.d  ./src/main.d  ./Rcc/Rcc.d  ./Led/Led.d  ./Gpio/Gpio.d ./system/src/newlib/cxx.d  Tasks_Schedular.elf
 
22:23:06 **** Build of configuration Release for project Tasks_Schedular ****
make all 
Building file: ../system/src/newlib/assert.c
Invoking: GNU Arm Cross C Compiler
arm-none-eabi-gcc -mcpu=cortex-m4 -mthumb -mfloat-abi=soft -O0 -fmessage-length=0 -fsigned-char -ffunction-sections -fdata-sections -ffreestanding -Wall -Wextra -g -DNDEBUG -DSTM32F401xE -DHSE_VALUE=8000000 -I"C:\Users\Anwar\Desktop\SBME 2024\COURSES\Cortex Mx Programming\Task Schedualer\Code\Tasks_Schedular\Gpio" -I"C:\Users\Anwar\Desktop\SBME 2024\COURSES\Cortex Mx Programming\Task Schedualer\Code\Tasks_Schedular\Led" -I"C:\Users\Anwar\Desktop\SBME 2024\COURSES\Cortex Mx Programming\Task Schedualer\Code\Tasks_Schedular\Lib" -I"C:\Users\Anwar\Desktop\SBME 2024\COURSES\Cortex Mx Programming\Task Schedualer\Code\Tasks_Schedular\Rcc" -I"../include" -I"../system/include" -I"../system/include/cmsis" -std=gnu11 -MMD -MP -MF"system/src/newlib/assert.d" -MT"system/src/newlib/assert.o" -c -o "system/src/newlib/assert.o" "../system/src/newlib/assert.c"
Finished building: ../system/src/newlib/assert.c
 
Building file: ../system/src/newlib/cxx.cpp
Invoking: GNU Arm Cross C++ Compiler
arm-none-eabi-g++ -mcpu=cortex-m4 -mthumb -mfloat-abi=soft -O0 -fmessage-length=0 -fsigned-char -ffunction-sections -fdata-sections -ffreestanding -Wall -Wextra -g -DNDEBUG -DSTM32F401xE -DUSE_HAL_DRIVER -DHSE_VALUE=8000000 -I"../include" -I"../system/include" -I"../system/include/cmsis" -I"../system/include/stm32f4-hal" -std=gnu++11 -fabi-version=0 -fno-exceptions -fno-rtti -fno-use-cxa-atexit -fno-threadsafe-statics -MMD -MP -MF"system/src/newlib/cxx.d" -MT"system/src/newlib/cxx.o" -c -o "system/src/newlib/cxx.o" "../system/src/newlib/cxx.cpp"
Finished building: ../system/src/newlib/cxx.cpp
 
Building file: ../system/src/newlib/exit.c
Invoking: GNU Arm Cross C Compiler
arm-none-eabi-gcc -mcpu=cortex-m4 -mthumb -mfloat-abi=soft -O0 -fmessage-length=0 -fsigned-char -ffunction-sections -fdata-sections -ffreestanding -Wall -Wextra -g -DNDEBUG -DSTM32F401xE -DHSE_VALUE=8000000 -I"C:\Users\Anwar\Desktop\SBME 2024\COURSES\Cortex Mx Programming\Task Schedualer\Code\Tasks_Schedular\Gpio" -I"C:\Users\Anwar\Desktop\SBME 2024\COURSES\Cortex Mx Programming\Task Schedualer\Code\Tasks_Schedular\Led" -I"C:\Users\Anwar\Desktop\SBME 2024\COURSES\Cortex Mx Programming\Task Schedualer\Code\Tasks_Schedular\Lib" -I"C:\Users\Anwar\Desktop\SBME 2024\COURSES\Cortex Mx Programming\Task Schedualer\Code\Tasks_Schedular\Rcc" -I"../include" -I"../system/include" -I"../system/include/cmsis" -std=gnu11 -MMD -MP -MF"system/src/newlib/exit.d" -MT"system/src/newlib/exit.o" -c -o "system/src/newlib/exit.o" "../system/src/newlib/exit.c"
Finished building: ../system/src/newlib/exit.c
 
Building file: ../system/src/newlib/sbrk.c
Invoking: GNU Arm Cross C Compiler
arm-none-eabi-gcc -mcpu=cortex-m4 -mthumb -mfloat-abi=soft -O0 -fmessage-length=0 -fsigned-char -ffunction-sections -fdata-sections -ffreestanding -Wall -Wextra -g -DNDEBUG -DSTM32F401xE -DHSE_VALUE=8000000 -I"C:\Users\Anwar\Desktop\SBME 2024\COURSES\Cortex Mx Programming\Task Schedualer\Code\Tasks_Schedular\Gpio" -I"C:\Users\Anwar\Desktop\SBME 2024\COURSES\Cortex Mx Programming\Task Schedualer\Code\Tasks_Schedular\Led" -I"C:\Users\Anwar\Desktop\SBME 2024\COURSES\Cortex Mx Programming\Task Schedualer\Code\Tasks_Schedular\Lib" -I"C:\Users\Anwar\Desktop\SBME 2024\COURSES\Cortex Mx Programming\Task Schedualer\Code\Tasks_Schedular\Rcc" -I"../include" -I"../system/include" -I"../system/include/cmsis" -std=gnu11 -MMD -MP -MF"system/src/newlib/sbrk.d" -MT"system/src/newlib/sbrk.o" -c -o "system/src/newlib/sbrk.o" "../system/src/newlib/sbrk.c"
Finished building: ../system/src/newlib/sbrk.c
 
Building file: ../system/src/newlib/startup.c
Invoking: GNU Arm Cross C Compiler
arm-none-eabi-gcc -mcpu=cortex-m4 -mthumb -mfloat-abi=soft -O0 -fmessage-length=0 -fsigned-char -ffunction-sections -fdata-sections -ffreestanding -Wall -Wextra -g -DNDEBUG -DSTM32F401xE -DUSE_HAL_DRIVER -DHSE_VALUE=8000000 -DOS_INCLUDE_STARTUP_INIT_MULTIPLE_RAM_SECTIONS -I"C:\Users\Anwar\Desktop\SBME 2024\COURSES\Cortex Mx Programming\Task Schedualer\Code\Tasks_Schedular\Gpio" -I"C:\Users\Anwar\Desktop\SBME 2024\COURSES\Cortex Mx Programming\Task Schedualer\Code\Tasks_Schedular\Led" -I"C:\Users\Anwar\Desktop\SBME 2024\COURSES\Cortex Mx Programming\Task Schedualer\Code\Tasks_Schedular\Lib" -I"C:\Users\Anwar\Desktop\SBME 2024\COURSES\Cortex Mx Programming\Task Schedualer\Code\Tasks_Schedular\Rcc" -I"../include" -I"../system/include" -I"../system/include/cmsis" -std=gnu11 -MMD -MP -MF"system/src/newlib/startup.d" -MT"system/src/newlib/startup.o" -c -o "system/src/newlib/startup.o" "../system/src/newlib/startup.c"
Finished building: ../system/src/newlib/startup.c
 
Building file: ../system/src/newlib/syscalls.c
Invoking: GNU Arm Cross C Compiler
arm-none-eabi-gcc -mcpu=cortex-m4 -mthumb -mfloat-abi=soft -O0 -fmessage-length=0 -fsigned-char -ffunction-sections -fdata-sections -ffreestanding -Wall -Wextra -g -DNDEBUG -DSTM32F401xE -DHSE_VALUE=8000000 -I"C:\Users\Anwar\Desktop\SBME 2024\COURSES\Cortex Mx Programming\Task Schedualer\Code\Tasks_Schedular\Gpio" -I"C:\Users\Anwar\Desktop\SBME 2024\COURSES\Cortex Mx Programming\Task Schedualer\Code\Tasks_Schedular\Led" -I"C:\Users\Anwar\Desktop\SBME 2024\COURSES\Cortex Mx Programming\Task Schedualer\Code\Tasks_Schedular\Lib" -I"C:\Users\Anwar\Desktop\SBME 2024\COURSES\Cortex Mx Programming\Task Schedualer\Code\Tasks_Schedular\Rcc" -I"../include" -I"../system/include" -I"../system/include/cmsis" -std=gnu11 -MMD -MP -MF"system/src/newlib/syscalls.d" -MT"system/src/newlib/syscalls.o" -c -o "system/src/newlib/syscalls.o" "../system/src/newlib/syscalls.c"
Finished building: ../system/src/newlib/syscalls.c
 
Building file: ../system/src/diag/trace-impl.c
Invoking: GNU Arm Cross C Compiler
arm-none-eabi-gcc -mcpu=cortex-m4 -mthumb -mfloat-abi=soft -O0 -fmessage-length=0 -fsigned-char -ffunction-sections -fdata-sections -ffreestanding -Wall -Wextra -g -DNDEBUG -DSTM32F401xE -DHSE_VALUE=8000000 -I"C:\Users\Anwar\Desktop\SBME 2024\COURSES\Cortex Mx Programming\Task Schedualer\Code\Tasks_Schedular\Gpio" -I"C:\Users\Anwar\Desktop\SBME 2024\COURSES\Cortex Mx Programming\Task Schedualer\Code\Tasks_Schedular\Led" -I"C:\Users\Anwar\Desktop\SBME 2024\COURSES\Cortex Mx Programming\Task Schedualer\Code\Tasks_Schedular\Lib" -I"C:\Users\Anwar\Desktop\SBME 2024\COURSES\Cortex Mx Programming\Task Schedualer\Code\Tasks_Schedular\Rcc" -I"../include" -I"../system/include" -I"../system/include/cmsis" -std=gnu11 -MMD -MP -MF"system/src/diag/trace-impl.d" -MT"system/src/diag/trace-impl.o" -c -o "system/src/diag/trace-impl.o" "../system/src/diag/trace-impl.c"
Finished building: ../system/src/diag/trace-impl.c
 
Building file: ../system/src/diag/trace.c
Invoking: GNU Arm Cross C Compiler
arm-none-eabi-gcc -mcpu=cortex-m4 -mthumb -mfloat-abi=soft -O0 -fmessage-length=0 -fsigned-char -ffunction-sections -fdata-sections -ffreestanding -Wall -Wextra -g -DNDEBUG -DSTM32F401xE -DHSE_VALUE=8000000 -I"C:\Users\Anwar\Desktop\SBME 2024\COURSES\Cortex Mx Programming\Task Schedualer\Code\Tasks_Schedular\Gpio" -I"C:\Users\Anwar\Desktop\SBME 2024\COURSES\Cortex Mx Programming\Task Schedualer\Code\Tasks_Schedular\Led" -I"C:\Users\Anwar\Desktop\SBME 2024\COURSES\Cortex Mx Programming\Task Schedualer\Code\Tasks_Schedular\Lib" -I"C:\Users\Anwar\Desktop\SBME 2024\COURSES\Cortex Mx Programming\Task Schedualer\Code\Tasks_Schedular\Rcc" -I"../include" -I"../system/include" -I"../system/include/cmsis" -std=gnu11 -MMD -MP -MF"system/src/diag/trace.d" -MT"system/src/diag/trace.o" -c -o "system/src/diag/trace.o" "../system/src/diag/trace.c"
Finished building: ../system/src/diag/trace.c
 
Building file: ../system/src/cortexm/exception-handlers.c
Invoking: GNU Arm Cross C Compiler
arm-none-eabi-gcc -mcpu=cortex-m4 -mthumb -mfloat-abi=soft -O0 -fmessage-length=0 -fsigned-char -ffunction-sections -fdata-sections -ffreestanding -Wall -Wextra -g -DNDEBUG -DSTM32F401xE -DHSE_VALUE=8000000 -I"C:\Users\Anwar\Desktop\SBME 2024\COURSES\Cortex Mx Programming\Task Schedualer\Code\Tasks_Schedular\Gpio" -I"C:\Users\Anwar\Desktop\SBME 2024\COURSES\Cortex Mx Programming\Task Schedualer\Code\Tasks_Schedular\Led" -I"C:\Users\Anwar\Desktop\SBME 2024\COURSES\Cortex Mx Programming\Task Schedualer\Code\Tasks_Schedular\Lib" -I"C:\Users\Anwar\Desktop\SBME 2024\COURSES\Cortex Mx Programming\Task Schedualer\Code\Tasks_Schedular\Rcc" -I"../include" -I"../system/include" -I"../system/include/cmsis" -std=gnu11 -MMD -MP -MF"system/src/cortexm/exception-handlers.d" -MT"system/src/cortexm/exception-handlers.o" -c -o "system/src/cortexm/exception-handlers.o" "../system/src/cortexm/exception-handlers.c"
Finished building: ../system/src/cortexm/exception-handlers.c
 
Building file: ../system/src/cortexm/initialize-hardware.c
Invoking: GNU Arm Cross C Compiler
arm-none-eabi-gcc -mcpu=cortex-m4 -mthumb -mfloat-abi=soft -O0 -fmessage-length=0 -fsigned-char -ffunction-sections -fdata-sections -ffreestanding -Wall -Wextra -g -DNDEBUG -DSTM32F401xE -DHSE_VALUE=8000000 -I"C:\Users\Anwar\Desktop\SBME 2024\COURSES\Cortex Mx Programming\Task Schedualer\Code\Tasks_Schedular\Gpio" -I"C:\Users\Anwar\Desktop\SBME 2024\COURSES\Cortex Mx Programming\Task Schedualer\Code\Tasks_Schedular\Led" -I"C:\Users\Anwar\Desktop\SBME 2024\COURSES\Cortex Mx Programming\Task Schedualer\Code\Tasks_Schedular\Lib" -I"C:\Users\Anwar\Desktop\SBME 2024\COURSES\Cortex Mx Programming\Task Schedualer\Code\Tasks_Schedular\Rcc" -I"../include" -I"../system/include" -I"../system/include/cmsis" -std=gnu11 -MMD -MP -MF"system/src/cortexm/initialize-hardware.d" -MT"system/src/cortexm/initialize-hardware.o" -c -o "system/src/cortexm/initialize-hardware.o" "../system/src/cortexm/initialize-hardware.c"
Finished building: ../system/src/cortexm/initialize-hardware.c
 
Building file: ../system/src/cortexm/reset-hardware.c
Invoking: GNU Arm Cross C Compiler
arm-none-eabi-gcc -mcpu=cortex-m4 -mthumb -mfloat-abi=soft -O0 -fmessage-length=0 -fsigned-char -ffunction-sections -fdata-sections -ffreestanding -Wall -Wextra -g -DNDEBUG -DSTM32F401xE -DHSE_VALUE=8000000 -I"C:\Users\Anwar\Desktop\SBME 2024\COURSES\Cortex Mx Programming\Task Schedualer\Code\Tasks_Schedular\Gpio" -I"C:\Users\Anwar\Desktop\SBME 2024\COURSES\Cortex Mx Programming\Task Schedualer\Code\Tasks_Schedular\Led" -I"C:\Users\Anwar\Desktop\SBME 2024\COURSES\Cortex Mx Programming\Task Schedualer\Code\Tasks_Schedular\Lib" -I"C:\Users\Anwar\Desktop\SBME 2024\COURSES\Cortex Mx Programming\Task Schedualer\Code\Tasks_Schedular\Rcc" -I"../include" -I"../system/include" -I"../system/include/cmsis" -std=gnu11 -MMD -MP -MF"system/src/cortexm/reset-hardware.d" -MT"system/src/cortexm/reset-hardware.o" -c -o "system/src/cortexm/reset-hardware.o" "../system/src/cortexm/reset-hardware.c"
Finished building: ../system/src/cortexm/reset-hardware.c
 
Building file: ../system/src/cmsis/system_stm32f4xx.c
Invoking: GNU Arm Cross C Compiler
arm-none-eabi-gcc -mcpu=cortex-m4 -mthumb -mfloat-abi=soft -O0 -fmessage-length=0 -fsigned-char -ffunction-sections -fdata-sections -ffreestanding -Wall -Wextra -g -DNDEBUG -DSTM32F401xE -DHSE_VALUE=8000000 -I"C:\Users\Anwar\Desktop\SBME 2024\COURSES\Cortex Mx Programming\Task Schedualer\Code\Tasks_Schedular\Gpio" -I"C:\Users\Anwar\Desktop\SBME 2024\COURSES\Cortex Mx Programming\Task Schedualer\Code\Tasks_Schedular\Led" -I"C:\Users\Anwar\Desktop\SBME 2024\COURSES\Cortex Mx Programming\Task Schedualer\Code\Tasks_Schedular\Lib" -I"C:\Users\Anwar\Desktop\SBME 2024\COURSES\Cortex Mx Programming\Task Schedualer\Code\Tasks_Schedular\Rcc" -I"../include" -I"../system/include" -I"../system/include/cmsis" -std=gnu11 -Wno-padded -MMD -MP -MF"system/src/cmsis/system_stm32f4xx.d" -MT"system/src/cmsis/system_stm32f4xx.o" -c -o "system/src/cmsis/system_stm32f4xx.o" "../system/src/cmsis/system_stm32f4xx.c"
Finished building: ../system/src/cmsis/system_stm32f4xx.c
 
Building file: ../system/src/cmsis/vectors_stm32f401xe.c
Invoking: GNU Arm Cross C Compiler
arm-none-eabi-gcc -mcpu=cortex-m4 -mthumb -mfloat-abi=soft -O0 -fmessage-length=0 -fsigned-char -ffunction-sections -fdata-sections -ffreestanding -Wall -Wextra -g -DNDEBUG -DSTM32F401xE -DHSE_VALUE=8000000 -I"C:\Users\Anwar\Desktop\SBME 2024\COURSES\Cortex Mx Programming\Task Schedualer\Code\Tasks_Schedular\Gpio" -I"C:\Users\Anwar\Desktop\SBME 2024\COURSES\Cortex Mx Programming\Task Schedualer\Code\Tasks_Schedular\Led" -I"C:\Users\Anwar\Desktop\SBME 2024\COURSES\Cortex Mx Programming\Task Schedualer\Code\Tasks_Schedular\Lib" -I"C:\Users\Anwar\Desktop\SBME 2024\COURSES\Cortex Mx Programming\Task Schedualer\Code\Tasks_Schedular\Rcc" -I"../include" -I"../system/include" -I"../system/include/cmsis" -std=gnu11 -MMD -MP -MF"system/src/cmsis/vectors_stm32f401xe.d" -MT"system/src/cmsis/vectors_stm32f401xe.o" -c -o "system/src/cmsis/vectors_stm32f401xe.o" "../system/src/cmsis/vectors_stm32f401xe.c"
Finished building: ../system/src/cmsis/vectors_stm32f401xe.c
 
Building file: ../src/main.c
Invoking: GNU Arm Cross C Compiler
arm-none-eabi-gcc -mcpu=cortex-m4 -mthumb -mfloat-abi=soft -O0 -fmessage-length=0 -fsigned-char -ffunction-sections -fdata-sections -ffreestanding -Wall -Wextra -g -DNDEBUG -DSTM32F401xE -DHSE_VALUE=8000000 -I"C:\Users\Anwar\Desktop\SBME 2024\COURSES\Cortex Mx Programming\Task Schedualer\Code\Tasks_Schedular\Gpio" -I"C:\Users\Anwar\Desktop\SBME 2024\COURSES\Cortex Mx Programming\Task Schedualer\Code\Tasks_Schedular\Delay" -I"C:\Users\Anwar\Desktop\SBME 2024\COURSES\Cortex Mx Programming\Task Schedualer\Code\Tasks_Schedular\Led" -I"C:\Users\Anwar\Desktop\SBME 2024\COURSES\Cortex Mx Programming\Task Schedualer\Code\Tasks_Schedular\Lib" -I"C:\Users\Anwar\Desktop\SBME 2024\COURSES\Cortex Mx Programming\Task Schedualer\Code\Tasks_Schedular\Rcc" -I"../include" -I"../system/include" -I"../system/include/cmsis" -std=gnu11 -MMD -MP -MF"src/main.d" -MT"src/main.o" -c -o "src/main.o" "../src/main.c"
../src/main.c:11:10: fatal error: Delay.h: No such file or directory
   11 | #include "Delay.h"
      |          ^~~~~~~~~
compilation terminated.
make: *** [src/subdir.mk:20: src/main.o] Error 1
"make all" terminated with exit code 2. Build might be incomplete.
22:24:06 **** Incremental Build of configuration Release for project Tasks_Schedular ****
make all 
Building file: ../src/main.c
Invoking: GNU Arm Cross C Compiler
arm-none-eabi-gcc -mcpu=cortex-m4 -mthumb -mfloat-abi=soft -O0 -fmessage-length=0 -fsigned-char -ffunction-sections -fdata-sections -ffreestanding -Wall -Wextra -g -DNDEBUG -DSTM32F401xE -DHSE_VALUE=8000000 -I"C:\Users\Anwar\Desktop\SBME 2024\COURSES\Cortex Mx Programming\Task Schedualer\Code\Tasks_Schedular\Gpio" -I"C:\Users\Anwar\Desktop\SBME 2024\COURSES\Cortex Mx Programming\Task Schedualer\Code\Tasks_Schedular\Delay" -I"C:\Users\Anwar\Desktop\SBME 2024\COURSES\Cortex Mx Programming\Task Schedualer\Code\Tasks_Schedular\Led" -I"C:\Users\Anwar\Desktop\SBME 2024\COURSES\Cortex Mx Programming\Task Schedualer\Code\Tasks_Schedular\Lib" -I"C:\Users\Anwar\Desktop\SBME 2024\COURSES\Cortex Mx Programming\Task Schedualer\Code\Tasks_Schedular\Rcc" -I"../include" -I"../system/include" -I"../system/include/cmsis" -std=gnu11 -MMD -MP -MF"src/main.d" -MT"src/main.o" -c -o "src/main.o" "../src/main.c"
../src/main.c: In function 'SysTick_Handler':
../src/main.c:106:2: error: 'dela' undeclared (first use in this function)
  106 |  dela
      |  ^~~~
../src/main.c:106:2: note: each undeclared identifier is reported only once for each function it appears in
../src/main.c:106:6: error: expected ';' before '}' token
  106 |  dela
      |      ^
      |      ;
  107 | 
  108 | }
      | ~     
make: *** [src/subdir.mk:20: src/main.o] Error 1
"make all" terminated with exit code 2. Build might be incomplete.
22:24:26 **** Incremental Build of configuration Release for project Tasks_Schedular ****
make all 
Building file: ../src/main.c
Invoking: GNU Arm Cross C Compiler
arm-none-eabi-gcc -mcpu=cortex-m4 -mthumb -mfloat-abi=soft -O0 -fmessage-length=0 -fsigned-char -ffunction-sections -fdata-sections -ffreestanding -Wall -Wextra -g -DNDEBUG -DSTM32F401xE -DHSE_VALUE=8000000 -I"C:\Users\Anwar\Desktop\SBME 2024\COURSES\Cortex Mx Programming\Task Schedualer\Code\Tasks_Schedular\Gpio" -I"C:\Users\Anwar\Desktop\SBME 2024\COURSES\Cortex Mx Programming\Task Schedualer\Code\Tasks_Schedular\Delay" -I"C:\Users\Anwar\Desktop\SBME 2024\COURSES\Cortex Mx Programming\Task Schedualer\Code\Tasks_Schedular\Led" -I"C:\Users\Anwar\Desktop\SBME 2024\COURSES\Cortex Mx Programming\Task Schedualer\Code\Tasks_Schedular\Lib" -I"C:\Users\Anwar\Desktop\SBME 2024\COURSES\Cortex Mx Programming\Task Schedualer\Code\Tasks_Schedular\Rcc" -I"../include" -I"../system/include" -I"../system/include/cmsis" -std=gnu11 -MMD -MP -MF"src/main.d" -MT"src/main.o" -c -o "src/main.o" "../src/main.c"
Finished building: ../src/main.c
 
Building file: ../Rcc/Rcc.c
Invoking: GNU Arm Cross C Compiler
arm-none-eabi-gcc -mcpu=cortex-m4 -mthumb -mfloat-abi=soft -O0 -fmessage-length=0 -fsigned-char -ffunction-sections -fdata-sections -ffreestanding -Wall -Wextra -g -DNDEBUG -DSTM32F401xE -DHSE_VALUE=8000000 -I"C:\Users\Anwar\Desktop\SBME 2024\COURSES\Cortex Mx Programming\Task Schedualer\Code\Tasks_Schedular\Gpio" -I"C:\Users\Anwar\Desktop\SBME 2024\COURSES\Cortex Mx Programming\Task Schedualer\Code\Tasks_Schedular\Led" -I"C:\Users\Anwar\Desktop\SBME 2024\COURSES\Cortex Mx Programming\Task Schedualer\Code\Tasks_Schedular\Lib" -I"C:\Users\Anwar\Desktop\SBME 2024\COURSES\Cortex Mx Programming\Task Schedualer\Code\Tasks_Schedular\Rcc" -I"../include" -I"../system/include" -I"../system/include/cmsis" -std=gnu11 -MMD -MP -MF"Rcc/Rcc.d" -MT"Rcc/Rcc.o" -c -o "Rcc/Rcc.o" "../Rcc/Rcc.c"
Finished building: ../Rcc/Rcc.c
 
Building file: ../Led/Led.c
Invoking: GNU Arm Cross C Compiler
arm-none-eabi-gcc -mcpu=cortex-m4 -mthumb -mfloat-abi=soft -O0 -fmessage-length=0 -fsigned-char -ffunction-sections -fdata-sections -ffreestanding -Wall -Wextra -g -DNDEBUG -DSTM32F401xE -DHSE_VALUE=8000000 -I"C:\Users\Anwar\Desktop\SBME 2024\COURSES\Cortex Mx Programming\Task Schedualer\Code\Tasks_Schedular\Gpio" -I"C:\Users\Anwar\Desktop\SBME 2024\COURSES\Cortex Mx Programming\Task Schedualer\Code\Tasks_Schedular\Led" -I"C:\Users\Anwar\Desktop\SBME 2024\COURSES\Cortex Mx Programming\Task Schedualer\Code\Tasks_Schedular\Lib" -I"C:\Users\Anwar\Desktop\SBME 2024\COURSES\Cortex Mx Programming\Task Schedualer\Code\Tasks_Schedular\Rcc" -I"../include" -I"../system/include" -I"../system/include/cmsis" -std=gnu11 -MMD -MP -MF"Led/Led.d" -MT"Led/Led.o" -c -o "Led/Led.o" "../Led/Led.c"
Finished building: ../Led/Led.c
 
Building file: ../Gpio/Gpio.c
Invoking: GNU Arm Cross C Compiler
arm-none-eabi-gcc -mcpu=cortex-m4 -mthumb -mfloat-abi=soft -O0 -fmessage-length=0 -fsigned-char -ffunction-sections -fdata-sections -ffreestanding -Wall -Wextra -g -DNDEBUG -DSTM32F401xE -DHSE_VALUE=8000000 -I"C:\Users\Anwar\Desktop\SBME 2024\COURSES\Cortex Mx Programming\Task Schedualer\Code\Tasks_Schedular\Gpio" -I"C:\Users\Anwar\Desktop\SBME 2024\COURSES\Cortex Mx Programming\Task Schedualer\Code\Tasks_Schedular\Led" -I"C:\Users\Anwar\Desktop\SBME 2024\COURSES\Cortex Mx Programming\Task Schedualer\Code\Tasks_Schedular\Lib" -I"C:\Users\Anwar\Desktop\SBME 2024\COURSES\Cortex Mx Programming\Task Schedualer\Code\Tasks_Schedular\Rcc" -I"../include" -I"../system/include" -I"../system/include/cmsis" -std=gnu11 -MMD -MP -MF"Gpio/Gpio.d" -MT"Gpio/Gpio.o" -c -o "Gpio/Gpio.o" "../Gpio/Gpio.c"
Finished building: ../Gpio/Gpio.c
 
Building file: ../Delay/Delay.c
Invoking: GNU Arm Cross C Compiler
arm-none-eabi-gcc -mcpu=cortex-m4 -mthumb -mfloat-abi=soft -O0 -fmessage-length=0 -fsigned-char -ffunction-sections -fdata-sections -ffreestanding -Wall -Wextra -g -DNDEBUG -DSTM32F401xE -DHSE_VALUE=8000000 -I"C:\Users\Anwar\Desktop\SBME 2024\COURSES\Cortex Mx Programming\Task Schedualer\Code\Tasks_Schedular\Gpio" -I"C:\Users\Anwar\Desktop\SBME 2024\COURSES\Cortex Mx Programming\Task Schedualer\Code\Tasks_Schedular\Delay" -I"C:\Users\Anwar\Desktop\SBME 2024\COURSES\Cortex Mx Programming\Task Schedualer\Code\Tasks_Schedular\Led" -I"C:\Users\Anwar\Desktop\SBME 2024\COURSES\Cortex Mx Programming\Task Schedualer\Code\Tasks_Schedular\Lib" -I"C:\Users\Anwar\Desktop\SBME 2024\COURSES\Cortex Mx Programming\Task Schedualer\Code\Tasks_Schedular\Rcc" -I"../include" -I"../system/include" -I"../system/include/cmsis" -std=gnu11 -MMD -MP -MF"Delay/Delay.d" -MT"Delay/Delay.o" -c -o "Delay/Delay.o" "../Delay/Delay.c"
Finished building: ../Delay/Delay.c
 
Building target: Tasks_Schedular.elf
Invoking: GNU Arm Cross C++ Linker
arm-none-eabi-g++ -mcpu=cortex-m4 -mthumb -mfloat-abi=soft -O0 -fmessage-length=0 -fsigned-char -ffunction-sections -fdata-sections -ffreestanding -Wall -Wextra -g -T mem.ld -T libs.ld -T sections.ld -nostartfiles -Xlinker --gc-sections -L"../ldscripts" -Wl,-Map,"Tasks_Schedular.map" --specs=nano.specs -o "Tasks_Schedular.elf" ./system/src/newlib/assert.o ./system/src/newlib/cxx.o ./system/src/newlib/exit.o ./system/src/newlib/sbrk.o ./system/src/newlib/startup.o ./system/src/newlib/syscalls.o  ./system/src/diag/trace-impl.o ./system/src/diag/trace.o  ./system/src/cortexm/exception-handlers.o ./system/src/cortexm/initialize-hardware.o ./system/src/cortexm/reset-hardware.o  ./system/src/cmsis/system_stm32f4xx.o ./system/src/cmsis/vectors_stm32f401xe.o  ./src/main.o  ./Rcc/Rcc.o  ./Led/Led.o  ./Gpio/Gpio.o  ./Delay/Delay.o   
Finished building target: Tasks_Schedular.elf
 
Invoking: GNU Arm Cross Create Flash Image
arm-none-eabi-objcopy -O ihex "Tasks_Schedular.elf"  "Tasks_Schedular.hex"
Finished building: Tasks_Schedular.hex
 
Invoking: GNU Arm Cross Print Size
arm-none-eabi-size --format=berkeley "Tasks_Schedular.elf"
   text	   data	    bss	    dec	    hex	filename
   3234	     72	    260	   3566	    dee	Tasks_Schedular.elf
Finished building: Tasks_Schedular.siz
 
22:27:29 **** Incremental Build of configuration Release for project Tasks_Schedular ****
make all 
Building file: ../src/main.c
Invoking: GNU Arm Cross C Compiler
arm-none-eabi-gcc -mcpu=cortex-m4 -mthumb -mfloat-abi=soft -O0 -fmessage-length=0 -fsigned-char -ffunction-sections -fdata-sections -ffreestanding -Wall -Wextra -g -DNDEBUG -DSTM32F401xE -DHSE_VALUE=8000000 -I"C:\Users\Anwar\Desktop\SBME 2024\COURSES\Cortex Mx Programming\Task Schedualer\Code\Tasks_Schedular\Gpio" -I"C:\Users\Anwar\Desktop\SBME 2024\COURSES\Cortex Mx Programming\Task Schedualer\Code\Tasks_Schedular\Delay" -I"C:\Users\Anwar\Desktop\SBME 2024\COURSES\Cortex Mx Programming\Task Schedualer\Code\Tasks_Schedular\Led" -I"C:\Users\Anwar\Desktop\SBME 2024\COURSES\Cortex Mx Programming\Task Schedualer\Code\Tasks_Schedular\Lib" -I"C:\Users\Anwar\Desktop\SBME 2024\COURSES\Cortex Mx Programming\Task Schedualer\Code\Tasks_Schedular\Rcc" -I"../include" -I"../system/include" -I"../system/include/cmsis" -std=gnu11 -MMD -MP -MF"src/main.d" -MT"src/main.o" -c -o "src/main.o" "../src/main.c"
Finished building: ../src/main.c
 
Building target: Tasks_Schedular.elf
Invoking: GNU Arm Cross C++ Linker
arm-none-eabi-g++ -mcpu=cortex-m4 -mthumb -mfloat-abi=soft -O0 -fmessage-length=0 -fsigned-char -ffunction-sections -fdata-sections -ffreestanding -Wall -Wextra -g -T mem.ld -T libs.ld -T sections.ld -nostartfiles -Xlinker --gc-sections -L"../ldscripts" -Wl,-Map,"Tasks_Schedular.map" --specs=nano.specs -o "Tasks_Schedular.elf" ./system/src/newlib/assert.o ./system/src/newlib/cxx.o ./system/src/newlib/exit.o ./system/src/newlib/sbrk.o ./system/src/newlib/startup.o ./system/src/newlib/syscalls.o  ./system/src/diag/trace-impl.o ./system/src/diag/trace.o  ./system/src/cortexm/exception-handlers.o ./system/src/cortexm/initialize-hardware.o ./system/src/cortexm/reset-hardware.o  ./system/src/cmsis/system_stm32f4xx.o ./system/src/cmsis/vectors_stm32f401xe.o  ./src/main.o  ./Rcc/Rcc.o  ./Led/Led.o  ./Gpio/Gpio.o  ./Delay/Delay.o   
Finished building target: Tasks_Schedular.elf
 
Invoking: GNU Arm Cross Create Flash Image
arm-none-eabi-objcopy -O ihex "Tasks_Schedular.elf"  "Tasks_Schedular.hex"
Finished building: Tasks_Schedular.hex
 
Invoking: GNU Arm Cross Print Size
arm-none-eabi-size --format=berkeley "Tasks_Schedular.elf"
   text	   data	    bss	    dec	    hex	filename
   3234	     72	    260	   3566	    dee	Tasks_Schedular.elf
Finished building: Tasks_Schedular.siz
 
22:28:11 **** Incremental Build of configuration Release for project Tasks_Schedular ****
make all 
Building file: ../src/main.c
Invoking: GNU Arm Cross C Compiler
arm-none-eabi-gcc -mcpu=cortex-m4 -mthumb -mfloat-abi=soft -O0 -fmessage-length=0 -fsigned-char -ffunction-sections -fdata-sections -ffreestanding -Wall -Wextra -g -DNDEBUG -DSTM32F401xE -DHSE_VALUE=8000000 -I"C:\Users\Anwar\Desktop\SBME 2024\COURSES\Cortex Mx Programming\Task Schedualer\Code\Tasks_Schedular\Gpio" -I"C:\Users\Anwar\Desktop\SBME 2024\COURSES\Cortex Mx Programming\Task Schedualer\Code\Tasks_Schedular\Delay" -I"C:\Users\Anwar\Desktop\SBME 2024\COURSES\Cortex Mx Programming\Task Schedualer\Code\Tasks_Schedular\Led" -I"C:\Users\Anwar\Desktop\SBME 2024\COURSES\Cortex Mx Programming\Task Schedualer\Code\Tasks_Schedular\Lib" -I"C:\Users\Anwar\Desktop\SBME 2024\COURSES\Cortex Mx Programming\Task Schedualer\Code\Tasks_Schedular\Rcc" -I"../include" -I"../system/include" -I"../system/include/cmsis" -std=gnu11 -MMD -MP -MF"src/main.d" -MT"src/main.o" -c -o "src/main.o" "../src/main.c"
Finished building: ../src/main.c
 
Building target: Tasks_Schedular.elf
Invoking: GNU Arm Cross C++ Linker
arm-none-eabi-g++ -mcpu=cortex-m4 -mthumb -mfloat-abi=soft -O0 -fmessage-length=0 -fsigned-char -ffunction-sections -fdata-sections -ffreestanding -Wall -Wextra -g -T mem.ld -T libs.ld -T sections.ld -nostartfiles -Xlinker --gc-sections -L"../ldscripts" -Wl,-Map,"Tasks_Schedular.map" --specs=nano.specs -o "Tasks_Schedular.elf" ./system/src/newlib/assert.o ./system/src/newlib/cxx.o ./system/src/newlib/exit.o ./system/src/newlib/sbrk.o ./system/src/newlib/startup.o ./system/src/newlib/syscalls.o  ./system/src/diag/trace-impl.o ./system/src/diag/trace.o  ./system/src/cortexm/exception-handlers.o ./system/src/cortexm/initialize-hardware.o ./system/src/cortexm/reset-hardware.o  ./system/src/cmsis/system_stm32f4xx.o ./system/src/cmsis/vectors_stm32f401xe.o  ./src/main.o  ./Rcc/Rcc.o  ./Led/Led.o  ./Gpio/Gpio.o  ./Delay/Delay.o   
Finished building target: Tasks_Schedular.elf
 
Invoking: GNU Arm Cross Create Flash Image
arm-none-eabi-objcopy -O ihex "Tasks_Schedular.elf"  "Tasks_Schedular.hex"
Finished building: Tasks_Schedular.hex
 
Invoking: GNU Arm Cross Print Size
arm-none-eabi-size --format=berkeley "Tasks_Schedular.elf"
   text	   data	    bss	    dec	    hex	filename
   3242	     72	    260	   3574	    df6	Tasks_Schedular.elf
Finished building: Tasks_Schedular.siz
 
22:28:46 **** Incremental Build of configuration Release for project Tasks_Schedular ****
make all 
Building file: ../src/main.c
Invoking: GNU Arm Cross C Compiler
arm-none-eabi-gcc -mcpu=cortex-m4 -mthumb -mfloat-abi=soft -O0 -fmessage-length=0 -fsigned-char -ffunction-sections -fdata-sections -ffreestanding -Wall -Wextra -g -DNDEBUG -DSTM32F401xE -DHSE_VALUE=8000000 -I"C:\Users\Anwar\Desktop\SBME 2024\COURSES\Cortex Mx Programming\Task Schedualer\Code\Tasks_Schedular\Gpio" -I"C:\Users\Anwar\Desktop\SBME 2024\COURSES\Cortex Mx Programming\Task Schedualer\Code\Tasks_Schedular\Delay" -I"C:\Users\Anwar\Desktop\SBME 2024\COURSES\Cortex Mx Programming\Task Schedualer\Code\Tasks_Schedular\Led" -I"C:\Users\Anwar\Desktop\SBME 2024\COURSES\Cortex Mx Programming\Task Schedualer\Code\Tasks_Schedular\Lib" -I"C:\Users\Anwar\Desktop\SBME 2024\COURSES\Cortex Mx Programming\Task Schedualer\Code\Tasks_Schedular\Rcc" -I"../include" -I"../system/include" -I"../system/include/cmsis" -std=gnu11 -MMD -MP -MF"src/main.d" -MT"src/main.o" -c -o "src/main.o" "../src/main.c"
Finished building: ../src/main.c
 
Building target: Tasks_Schedular.elf
Invoking: GNU Arm Cross C++ Linker
arm-none-eabi-g++ -mcpu=cortex-m4 -mthumb -mfloat-abi=soft -O0 -fmessage-length=0 -fsigned-char -ffunction-sections -fdata-sections -ffreestanding -Wall -Wextra -g -T mem.ld -T libs.ld -T sections.ld -nostartfiles -Xlinker --gc-sections -L"../ldscripts" -Wl,-Map,"Tasks_Schedular.map" --specs=nano.specs -o "Tasks_Schedular.elf" ./system/src/newlib/assert.o ./system/src/newlib/cxx.o ./system/src/newlib/exit.o ./system/src/newlib/sbrk.o ./system/src/newlib/startup.o ./system/src/newlib/syscalls.o  ./system/src/diag/trace-impl.o ./system/src/diag/trace.o  ./system/src/cortexm/exception-handlers.o ./system/src/cortexm/initialize-hardware.o ./system/src/cortexm/reset-hardware.o  ./system/src/cmsis/system_stm32f4xx.o ./system/src/cmsis/vectors_stm32f401xe.o  ./src/main.o  ./Rcc/Rcc.o  ./Led/Led.o  ./Gpio/Gpio.o  ./Delay/Delay.o   
Finished building target: Tasks_Schedular.elf
 
Invoking: GNU Arm Cross Create Flash Image
arm-none-eabi-objcopy -O ihex "Tasks_Schedular.elf"  "Tasks_Schedular.hex"
Finished building: Tasks_Schedular.hex
 
Invoking: GNU Arm Cross Print Size
arm-none-eabi-size --format=berkeley "Tasks_Schedular.elf"
   text	   data	    bss	    dec	    hex	filename
   3250	     72	    260	   3582	    dfe	Tasks_Schedular.elf
Finished building: Tasks_Schedular.siz
 
22:29:43 **** Incremental Build of configuration Release for project Tasks_Schedular ****
make all 
Building file: ../src/main.c
Invoking: GNU Arm Cross C Compiler
arm-none-eabi-gcc -mcpu=cortex-m4 -mthumb -mfloat-abi=soft -O0 -fmessage-length=0 -fsigned-char -ffunction-sections -fdata-sections -ffreestanding -Wall -Wextra -g -DNDEBUG -DSTM32F401xE -DHSE_VALUE=8000000 -I"C:\Users\Anwar\Desktop\SBME 2024\COURSES\Cortex Mx Programming\Task Schedualer\Code\Tasks_Schedular\Gpio" -I"C:\Users\Anwar\Desktop\SBME 2024\COURSES\Cortex Mx Programming\Task Schedualer\Code\Tasks_Schedular\Delay" -I"C:\Users\Anwar\Desktop\SBME 2024\COURSES\Cortex Mx Programming\Task Schedualer\Code\Tasks_Schedular\Led" -I"C:\Users\Anwar\Desktop\SBME 2024\COURSES\Cortex Mx Programming\Task Schedualer\Code\Tasks_Schedular\Lib" -I"C:\Users\Anwar\Desktop\SBME 2024\COURSES\Cortex Mx Programming\Task Schedualer\Code\Tasks_Schedular\Rcc" -I"../include" -I"../system/include" -I"../system/include/cmsis" -std=gnu11 -MMD -MP -MF"src/main.d" -MT"src/main.o" -c -o "src/main.o" "../src/main.c"
Finished building: ../src/main.c
 
Building target: Tasks_Schedular.elf
Invoking: GNU Arm Cross C++ Linker
arm-none-eabi-g++ -mcpu=cortex-m4 -mthumb -mfloat-abi=soft -O0 -fmessage-length=0 -fsigned-char -ffunction-sections -fdata-sections -ffreestanding -Wall -Wextra -g -T mem.ld -T libs.ld -T sections.ld -nostartfiles -Xlinker --gc-sections -L"../ldscripts" -Wl,-Map,"Tasks_Schedular.map" --specs=nano.specs -o "Tasks_Schedular.elf" ./system/src/newlib/assert.o ./system/src/newlib/cxx.o ./system/src/newlib/exit.o ./system/src/newlib/sbrk.o ./system/src/newlib/startup.o ./system/src/newlib/syscalls.o  ./system/src/diag/trace-impl.o ./system/src/diag/trace.o  ./system/src/cortexm/exception-handlers.o ./system/src/cortexm/initialize-hardware.o ./system/src/cortexm/reset-hardware.o  ./system/src/cmsis/system_stm32f4xx.o ./system/src/cmsis/vectors_stm32f401xe.o  ./src/main.o  ./Rcc/Rcc.o  ./Led/Led.o  ./Gpio/Gpio.o  ./Delay/Delay.o   
Finished building target: Tasks_Schedular.elf
 
Invoking: GNU Arm Cross Create Flash Image
arm-none-eabi-objcopy -O ihex "Tasks_Schedular.elf"  "Tasks_Schedular.hex"
Finished building: Tasks_Schedular.hex
 
Invoking: GNU Arm Cross Print Size
arm-none-eabi-size --format=berkeley "Tasks_Schedular.elf"
   text	   data	    bss	    dec	    hex	filename
   1862	     72	    260	   2194	    892	Tasks_Schedular.elf
Finished building: Tasks_Schedular.siz
 
22:30:56 **** Incremental Build of configuration Release for project Tasks_Schedular ****
make all 
Building file: ../src/main.c
Invoking: GNU Arm Cross C Compiler
arm-none-eabi-gcc -mcpu=cortex-m4 -mthumb -mfloat-abi=soft -O0 -fmessage-length=0 -fsigned-char -ffunction-sections -fdata-sections -ffreestanding -Wall -Wextra -g -DNDEBUG -DSTM32F401xE -DHSE_VALUE=8000000 -I"C:\Users\Anwar\Desktop\SBME 2024\COURSES\Cortex Mx Programming\Task Schedualer\Code\Tasks_Schedular\Gpio" -I"C:\Users\Anwar\Desktop\SBME 2024\COURSES\Cortex Mx Programming\Task Schedualer\Code\Tasks_Schedular\Delay" -I"C:\Users\Anwar\Desktop\SBME 2024\COURSES\Cortex Mx Programming\Task Schedualer\Code\Tasks_Schedular\Led" -I"C:\Users\Anwar\Desktop\SBME 2024\COURSES\Cortex Mx Programming\Task Schedualer\Code\Tasks_Schedular\Lib" -I"C:\Users\Anwar\Desktop\SBME 2024\COURSES\Cortex Mx Programming\Task Schedualer\Code\Tasks_Schedular\Rcc" -I"../include" -I"../system/include" -I"../system/include/cmsis" -std=gnu11 -MMD -MP -MF"src/main.d" -MT"src/main.o" -c -o "src/main.o" "../src/main.c"
Finished building: ../src/main.c
 
Building target: Tasks_Schedular.elf
Invoking: GNU Arm Cross C++ Linker
arm-none-eabi-g++ -mcpu=cortex-m4 -mthumb -mfloat-abi=soft -O0 -fmessage-length=0 -fsigned-char -ffunction-sections -fdata-sections -ffreestanding -Wall -Wextra -g -T mem.ld -T libs.ld -T sections.ld -nostartfiles -Xlinker --gc-sections -L"../ldscripts" -Wl,-Map,"Tasks_Schedular.map" --specs=nano.specs -o "Tasks_Schedular.elf" ./system/src/newlib/assert.o ./system/src/newlib/cxx.o ./system/src/newlib/exit.o ./system/src/newlib/sbrk.o ./system/src/newlib/startup.o ./system/src/newlib/syscalls.o  ./system/src/diag/trace-impl.o ./system/src/diag/trace.o  ./system/src/cortexm/exception-handlers.o ./system/src/cortexm/initialize-hardware.o ./system/src/cortexm/reset-hardware.o  ./system/src/cmsis/system_stm32f4xx.o ./system/src/cmsis/vectors_stm32f401xe.o  ./src/main.o  ./Rcc/Rcc.o  ./Led/Led.o  ./Gpio/Gpio.o  ./Delay/Delay.o   
Finished building target: Tasks_Schedular.elf
 
Invoking: GNU Arm Cross Create Flash Image
arm-none-eabi-objcopy -O ihex "Tasks_Schedular.elf"  "Tasks_Schedular.hex"
Finished building: Tasks_Schedular.hex
 
Invoking: GNU Arm Cross Print Size
arm-none-eabi-size --format=berkeley "Tasks_Schedular.elf"
   text	   data	    bss	    dec	    hex	filename
   2066	     72	    260	   2398	    95e	Tasks_Schedular.elf
Finished building: Tasks_Schedular.siz
 
22:31:22 **** Incremental Build of configuration Release for project Tasks_Schedular ****
make all 
Building file: ../src/main.c
Invoking: GNU Arm Cross C Compiler
arm-none-eabi-gcc -mcpu=cortex-m4 -mthumb -mfloat-abi=soft -O0 -fmessage-length=0 -fsigned-char -ffunction-sections -fdata-sections -ffreestanding -Wall -Wextra -g -DNDEBUG -DSTM32F401xE -DHSE_VALUE=8000000 -I"C:\Users\Anwar\Desktop\SBME 2024\COURSES\Cortex Mx Programming\Task Schedualer\Code\Tasks_Schedular\Gpio" -I"C:\Users\Anwar\Desktop\SBME 2024\COURSES\Cortex Mx Programming\Task Schedualer\Code\Tasks_Schedular\Delay" -I"C:\Users\Anwar\Desktop\SBME 2024\COURSES\Cortex Mx Programming\Task Schedualer\Code\Tasks_Schedular\Led" -I"C:\Users\Anwar\Desktop\SBME 2024\COURSES\Cortex Mx Programming\Task Schedualer\Code\Tasks_Schedular\Lib" -I"C:\Users\Anwar\Desktop\SBME 2024\COURSES\Cortex Mx Programming\Task Schedualer\Code\Tasks_Schedular\Rcc" -I"../include" -I"../system/include" -I"../system/include/cmsis" -std=gnu11 -MMD -MP -MF"src/main.d" -MT"src/main.o" -c -o "src/main.o" "../src/main.c"
Finished building: ../src/main.c
 
Building target: Tasks_Schedular.elf
Invoking: GNU Arm Cross C++ Linker
arm-none-eabi-g++ -mcpu=cortex-m4 -mthumb -mfloat-abi=soft -O0 -fmessage-length=0 -fsigned-char -ffunction-sections -fdata-sections -ffreestanding -Wall -Wextra -g -T mem.ld -T libs.ld -T sections.ld -nostartfiles -Xlinker --gc-sections -L"../ldscripts" -Wl,-Map,"Tasks_Schedular.map" --specs=nano.specs -o "Tasks_Schedular.elf" ./system/src/newlib/assert.o ./system/src/newlib/cxx.o ./system/src/newlib/exit.o ./system/src/newlib/sbrk.o ./system/src/newlib/startup.o ./system/src/newlib/syscalls.o  ./system/src/diag/trace-impl.o ./system/src/diag/trace.o  ./system/src/cortexm/exception-handlers.o ./system/src/cortexm/initialize-hardware.o ./system/src/cortexm/reset-hardware.o  ./system/src/cmsis/system_stm32f4xx.o ./system/src/cmsis/vectors_stm32f401xe.o  ./src/main.o  ./Rcc/Rcc.o  ./Led/Led.o  ./Gpio/Gpio.o  ./Delay/Delay.o   
Finished building target: Tasks_Schedular.elf
 
Invoking: GNU Arm Cross Create Flash Image
arm-none-eabi-objcopy -O ihex "Tasks_Schedular.elf"  "Tasks_Schedular.hex"
Finished building: Tasks_Schedular.hex
 
Invoking: GNU Arm Cross Print Size
arm-none-eabi-size --format=berkeley "Tasks_Schedular.elf"
   text	   data	    bss	    dec	    hex	filename
   2066	     72	    260	   2398	    95e	Tasks_Schedular.elf
Finished building: Tasks_Schedular.siz
 
22:31:36 **** Incremental Build of configuration Release for project Tasks_Schedular ****
make all 
Building file: ../src/main.c
Invoking: GNU Arm Cross C Compiler
arm-none-eabi-gcc -mcpu=cortex-m4 -mthumb -mfloat-abi=soft -O0 -fmessage-length=0 -fsigned-char -ffunction-sections -fdata-sections -ffreestanding -Wall -Wextra -g -DNDEBUG -DSTM32F401xE -DHSE_VALUE=8000000 -I"C:\Users\Anwar\Desktop\SBME 2024\COURSES\Cortex Mx Programming\Task Schedualer\Code\Tasks_Schedular\Gpio" -I"C:\Users\Anwar\Desktop\SBME 2024\COURSES\Cortex Mx Programming\Task Schedualer\Code\Tasks_Schedular\Delay" -I"C:\Users\Anwar\Desktop\SBME 2024\COURSES\Cortex Mx Programming\Task Schedualer\Code\Tasks_Schedular\Led" -I"C:\Users\Anwar\Desktop\SBME 2024\COURSES\Cortex Mx Programming\Task Schedualer\Code\Tasks_Schedular\Lib" -I"C:\Users\Anwar\Desktop\SBME 2024\COURSES\Cortex Mx Programming\Task Schedualer\Code\Tasks_Schedular\Rcc" -I"../include" -I"../system/include" -I"../system/include/cmsis" -std=gnu11 -MMD -MP -MF"src/main.d" -MT"src/main.o" -c -o "src/main.o" "../src/main.c"
Finished building: ../src/main.c
 
Building target: Tasks_Schedular.elf
Invoking: GNU Arm Cross C++ Linker
arm-none-eabi-g++ -mcpu=cortex-m4 -mthumb -mfloat-abi=soft -O0 -fmessage-length=0 -fsigned-char -ffunction-sections -fdata-sections -ffreestanding -Wall -Wextra -g -T mem.ld -T libs.ld -T sections.ld -nostartfiles -Xlinker --gc-sections -L"../ldscripts" -Wl,-Map,"Tasks_Schedular.map" --specs=nano.specs -o "Tasks_Schedular.elf" ./system/src/newlib/assert.o ./system/src/newlib/cxx.o ./system/src/newlib/exit.o ./system/src/newlib/sbrk.o ./system/src/newlib/startup.o ./system/src/newlib/syscalls.o  ./system/src/diag/trace-impl.o ./system/src/diag/trace.o  ./system/src/cortexm/exception-handlers.o ./system/src/cortexm/initialize-hardware.o ./system/src/cortexm/reset-hardware.o  ./system/src/cmsis/system_stm32f4xx.o ./system/src/cmsis/vectors_stm32f401xe.o  ./src/main.o  ./Rcc/Rcc.o  ./Led/Led.o  ./Gpio/Gpio.o  ./Delay/Delay.o   
Finished building target: Tasks_Schedular.elf
 
Invoking: GNU Arm Cross Create Flash Image
arm-none-eabi-objcopy -O ihex "Tasks_Schedular.elf"  "Tasks_Schedular.hex"
Finished building: Tasks_Schedular.hex
 
Invoking: GNU Arm Cross Print Size
arm-none-eabi-size --format=berkeley "Tasks_Schedular.elf"
   text	   data	    bss	    dec	    hex	filename
   3446	     72	    260	   3778	    ec2	Tasks_Schedular.elf
Finished building: Tasks_Schedular.siz
 
22:32:51 **** Incremental Build of configuration Release for project Tasks_Schedular ****
make all 
Building file: ../src/main.c
Invoking: GNU Arm Cross C Compiler
arm-none-eabi-gcc -mcpu=cortex-m4 -mthumb -mfloat-abi=soft -O0 -fmessage-length=0 -fsigned-char -ffunction-sections -fdata-sections -ffreestanding -Wall -Wextra -g -DNDEBUG -DSTM32F401xE -DHSE_VALUE=8000000 -I"C:\Users\Anwar\Desktop\SBME 2024\COURSES\Cortex Mx Programming\Task Schedualer\Code\Tasks_Schedular\Gpio" -I"C:\Users\Anwar\Desktop\SBME 2024\COURSES\Cortex Mx Programming\Task Schedualer\Code\Tasks_Schedular\Delay" -I"C:\Users\Anwar\Desktop\SBME 2024\COURSES\Cortex Mx Programming\Task Schedualer\Code\Tasks_Schedular\Led" -I"C:\Users\Anwar\Desktop\SBME 2024\COURSES\Cortex Mx Programming\Task Schedualer\Code\Tasks_Schedular\Lib" -I"C:\Users\Anwar\Desktop\SBME 2024\COURSES\Cortex Mx Programming\Task Schedualer\Code\Tasks_Schedular\Rcc" -I"../include" -I"../system/include" -I"../system/include/cmsis" -std=gnu11 -MMD -MP -MF"src/main.d" -MT"src/main.o" -c -o "src/main.o" "../src/main.c"
Finished building: ../src/main.c
 
Building target: Tasks_Schedular.elf
Invoking: GNU Arm Cross C++ Linker
arm-none-eabi-g++ -mcpu=cortex-m4 -mthumb -mfloat-abi=soft -O0 -fmessage-length=0 -fsigned-char -ffunction-sections -fdata-sections -ffreestanding -Wall -Wextra -g -T mem.ld -T libs.ld -T sections.ld -nostartfiles -Xlinker --gc-sections -L"../ldscripts" -Wl,-Map,"Tasks_Schedular.map" --specs=nano.specs -o "Tasks_Schedular.elf" ./system/src/newlib/assert.o ./system/src/newlib/cxx.o ./system/src/newlib/exit.o ./system/src/newlib/sbrk.o ./system/src/newlib/startup.o ./system/src/newlib/syscalls.o  ./system/src/diag/trace-impl.o ./system/src/diag/trace.o  ./system/src/cortexm/exception-handlers.o ./system/src/cortexm/initialize-hardware.o ./system/src/cortexm/reset-hardware.o  ./system/src/cmsis/system_stm32f4xx.o ./system/src/cmsis/vectors_stm32f401xe.o  ./src/main.o  ./Rcc/Rcc.o  ./Led/Led.o  ./Gpio/Gpio.o  ./Delay/Delay.o   
Finished building target: Tasks_Schedular.elf
 
Invoking: GNU Arm Cross Create Flash Image
arm-none-eabi-objcopy -O ihex "Tasks_Schedular.elf"  "Tasks_Schedular.hex"
Finished building: Tasks_Schedular.hex
 
Invoking: GNU Arm Cross Print Size
arm-none-eabi-size --format=berkeley "Tasks_Schedular.elf"
   text	   data	    bss	    dec	    hex	filename
   2326	     72	    260	   2658	    a62	Tasks_Schedular.elf
Finished building: Tasks_Schedular.siz
 
22:33:29 **** Incremental Build of configuration Release for project Tasks_Schedular ****
make all 
Building file: ../src/main.c
Invoking: GNU Arm Cross C Compiler
arm-none-eabi-gcc -mcpu=cortex-m4 -mthumb -mfloat-abi=soft -O0 -fmessage-length=0 -fsigned-char -ffunction-sections -fdata-sections -ffreestanding -Wall -Wextra -g -DNDEBUG -DSTM32F401xE -DHSE_VALUE=8000000 -I"C:\Users\Anwar\Desktop\SBME 2024\COURSES\Cortex Mx Programming\Task Schedualer\Code\Tasks_Schedular\Gpio" -I"C:\Users\Anwar\Desktop\SBME 2024\COURSES\Cortex Mx Programming\Task Schedualer\Code\Tasks_Schedular\Delay" -I"C:\Users\Anwar\Desktop\SBME 2024\COURSES\Cortex Mx Programming\Task Schedualer\Code\Tasks_Schedular\Led" -I"C:\Users\Anwar\Desktop\SBME 2024\COURSES\Cortex Mx Programming\Task Schedualer\Code\Tasks_Schedular\Lib" -I"C:\Users\Anwar\Desktop\SBME 2024\COURSES\Cortex Mx Programming\Task Schedualer\Code\Tasks_Schedular\Rcc" -I"../include" -I"../system/include" -I"../system/include/cmsis" -std=gnu11 -MMD -MP -MF"src/main.d" -MT"src/main.o" -c -o "src/main.o" "../src/main.c"
Finished building: ../src/main.c
 
Building target: Tasks_Schedular.elf
Invoking: GNU Arm Cross C++ Linker
arm-none-eabi-g++ -mcpu=cortex-m4 -mthumb -mfloat-abi=soft -O0 -fmessage-length=0 -fsigned-char -ffunction-sections -fdata-sections -ffreestanding -Wall -Wextra -g -T mem.ld -T libs.ld -T sections.ld -nostartfiles -Xlinker --gc-sections -L"../ldscripts" -Wl,-Map,"Tasks_Schedular.map" --specs=nano.specs -o "Tasks_Schedular.elf" ./system/src/newlib/assert.o ./system/src/newlib/cxx.o ./system/src/newlib/exit.o ./system/src/newlib/sbrk.o ./system/src/newlib/startup.o ./system/src/newlib/syscalls.o  ./system/src/diag/trace-impl.o ./system/src/diag/trace.o  ./system/src/cortexm/exception-handlers.o ./system/src/cortexm/initialize-hardware.o ./system/src/cortexm/reset-hardware.o  ./system/src/cmsis/system_stm32f4xx.o ./system/src/cmsis/vectors_stm32f401xe.o  ./src/main.o  ./Rcc/Rcc.o  ./Led/Led.o  ./Gpio/Gpio.o  ./Delay/Delay.o   
Finished building target: Tasks_Schedular.elf
 
Invoking: GNU Arm Cross Create Flash Image
arm-none-eabi-objcopy -O ihex "Tasks_Schedular.elf"  "Tasks_Schedular.hex"
Finished building: Tasks_Schedular.hex
 
Invoking: GNU Arm Cross Print Size
arm-none-eabi-size --format=berkeley "Tasks_Schedular.elf"
   text	   data	    bss	    dec	    hex	filename
   2326	     72	    260	   2658	    a62	Tasks_Schedular.elf
Finished building: Tasks_Schedular.siz
 
22:34:40 **** Incremental Build of configuration Release for project Tasks_Schedular ****
make all 
Invoking: GNU Arm Cross Print Size
arm-none-eabi-size --format=berkeley "Tasks_Schedular.elf"
   text	   data	    bss	    dec	    hex	filename
   2326	     72	    260	   2658	    a62	Tasks_Schedular.elf
Finished building: Tasks_Schedular.siz
 
22:35:40 **** Incremental Build of configuration Release for project Tasks_Schedular ****
make all 
Building file: ../src/main.c
Invoking: GNU Arm Cross C Compiler
arm-none-eabi-gcc -mcpu=cortex-m4 -mthumb -mfloat-abi=soft -O0 -fmessage-length=0 -fsigned-char -ffunction-sections -fdata-sections -ffreestanding -Wall -Wextra -g -DNDEBUG -DSTM32F401xE -DHSE_VALUE=8000000 -I"C:\Users\Anwar\Desktop\SBME 2024\COURSES\Cortex Mx Programming\Task Schedualer\Code\Tasks_Schedular\Gpio" -I"C:\Users\Anwar\Desktop\SBME 2024\COURSES\Cortex Mx Programming\Task Schedualer\Code\Tasks_Schedular\Delay" -I"C:\Users\Anwar\Desktop\SBME 2024\COURSES\Cortex Mx Programming\Task Schedualer\Code\Tasks_Schedular\Led" -I"C:\Users\Anwar\Desktop\SBME 2024\COURSES\Cortex Mx Programming\Task Schedualer\Code\Tasks_Schedular\Lib" -I"C:\Users\Anwar\Desktop\SBME 2024\COURSES\Cortex Mx Programming\Task Schedualer\Code\Tasks_Schedular\Rcc" -I"../include" -I"../system/include" -I"../system/include/cmsis" -std=gnu11 -MMD -MP -MF"src/main.d" -MT"src/main.o" -c -o "src/main.o" "../src/main.c"
Finished building: ../src/main.c
 
Building target: Tasks_Schedular.elf
Invoking: GNU Arm Cross C++ Linker
arm-none-eabi-g++ -mcpu=cortex-m4 -mthumb -mfloat-abi=soft -O0 -fmessage-length=0 -fsigned-char -ffunction-sections -fdata-sections -ffreestanding -Wall -Wextra -g -T mem.ld -T libs.ld -T sections.ld -nostartfiles -Xlinker --gc-sections -L"../ldscripts" -Wl,-Map,"Tasks_Schedular.map" --specs=nano.specs -o "Tasks_Schedular.elf" ./system/src/newlib/assert.o ./system/src/newlib/cxx.o ./system/src/newlib/exit.o ./system/src/newlib/sbrk.o ./system/src/newlib/startup.o ./system/src/newlib/syscalls.o  ./system/src/diag/trace-impl.o ./system/src/diag/trace.o  ./system/src/cortexm/exception-handlers.o ./system/src/cortexm/initialize-hardware.o ./system/src/cortexm/reset-hardware.o  ./system/src/cmsis/system_stm32f4xx.o ./system/src/cmsis/vectors_stm32f401xe.o  ./src/main.o  ./Rcc/Rcc.o  ./Led/Led.o  ./Gpio/Gpio.o  ./Delay/Delay.o   
Finished building target: Tasks_Schedular.elf
 
Invoking: GNU Arm Cross Create Flash Image
arm-none-eabi-objcopy -O ihex "Tasks_Schedular.elf"  "Tasks_Schedular.hex"
Finished building: Tasks_Schedular.hex
 
Invoking: GNU Arm Cross Print Size
arm-none-eabi-size --format=berkeley "Tasks_Schedular.elf"
   text	   data	    bss	    dec	    hex	filename
   2330	     72	    260	   2662	    a66	Tasks_Schedular.elf
Finished building: Tasks_Schedular.siz
 
22:36:19 **** Incremental Build of configuration Release for project Tasks_Schedular ****
make all 
Building file: ../src/main.c
Invoking: GNU Arm Cross C Compiler
arm-none-eabi-gcc -mcpu=cortex-m4 -mthumb -mfloat-abi=soft -O0 -fmessage-length=0 -fsigned-char -ffunction-sections -fdata-sections -ffreestanding -Wall -Wextra -g -DNDEBUG -DSTM32F401xE -DHSE_VALUE=8000000 -I"C:\Users\Anwar\Desktop\SBME 2024\COURSES\Cortex Mx Programming\Task Schedualer\Code\Tasks_Schedular\Gpio" -I"C:\Users\Anwar\Desktop\SBME 2024\COURSES\Cortex Mx Programming\Task Schedualer\Code\Tasks_Schedular\Delay" -I"C:\Users\Anwar\Desktop\SBME 2024\COURSES\Cortex Mx Programming\Task Schedualer\Code\Tasks_Schedular\Led" -I"C:\Users\Anwar\Desktop\SBME 2024\COURSES\Cortex Mx Programming\Task Schedualer\Code\Tasks_Schedular\Lib" -I"C:\Users\Anwar\Desktop\SBME 2024\COURSES\Cortex Mx Programming\Task Schedualer\Code\Tasks_Schedular\Rcc" -I"../include" -I"../system/include" -I"../system/include/cmsis" -std=gnu11 -MMD -MP -MF"src/main.d" -MT"src/main.o" -c -o "src/main.o" "../src/main.c"
Finished building: ../src/main.c
 
Building target: Tasks_Schedular.elf
Invoking: GNU Arm Cross C++ Linker
arm-none-eabi-g++ -mcpu=cortex-m4 -mthumb -mfloat-abi=soft -O0 -fmessage-length=0 -fsigned-char -ffunction-sections -fdata-sections -ffreestanding -Wall -Wextra -g -T mem.ld -T libs.ld -T sections.ld -nostartfiles -Xlinker --gc-sections -L"../ldscripts" -Wl,-Map,"Tasks_Schedular.map" --specs=nano.specs -o "Tasks_Schedular.elf" ./system/src/newlib/assert.o ./system/src/newlib/cxx.o ./system/src/newlib/exit.o ./system/src/newlib/sbrk.o ./system/src/newlib/startup.o ./system/src/newlib/syscalls.o  ./system/src/diag/trace-impl.o ./system/src/diag/trace.o  ./system/src/cortexm/exception-handlers.o ./system/src/cortexm/initialize-hardware.o ./system/src/cortexm/reset-hardware.o  ./system/src/cmsis/system_stm32f4xx.o ./system/src/cmsis/vectors_stm32f401xe.o  ./src/main.o  ./Rcc/Rcc.o  ./Led/Led.o  ./Gpio/Gpio.o  ./Delay/Delay.o   
Finished building target: Tasks_Schedular.elf
 
Invoking: GNU Arm Cross Create Flash Image
arm-none-eabi-objcopy -O ihex "Tasks_Schedular.elf"  "Tasks_Schedular.hex"
Finished building: Tasks_Schedular.hex
 
Invoking: GNU Arm Cross Print Size
arm-none-eabi-size --format=berkeley "Tasks_Schedular.elf"
   text	   data	    bss	    dec	    hex	filename
   2326	     72	    260	   2658	    a62	Tasks_Schedular.elf
Finished building: Tasks_Schedular.siz
 
23:06:05 **** Incremental Build of configuration Release for project Tasks_Schedular ****
make all 
Building file: ../src/main.c
Invoking: GNU Arm Cross C Compiler
arm-none-eabi-gcc -mcpu=cortex-m4 -mthumb -mfloat-abi=soft -O0 -fmessage-length=0 -fsigned-char -ffunction-sections -fdata-sections -ffreestanding -Wall -Wextra -g -DNDEBUG -DSTM32F401xE -DHSE_VALUE=8000000 -I"C:\Users\Anwar\Desktop\SBME 2024\COURSES\Cortex Mx Programming\Task Schedualer\Code\Tasks_Schedular\Gpio" -I"C:\Users\Anwar\Desktop\SBME 2024\COURSES\Cortex Mx Programming\Task Schedualer\Code\Tasks_Schedular\Delay" -I"C:\Users\Anwar\Desktop\SBME 2024\COURSES\Cortex Mx Programming\Task Schedualer\Code\Tasks_Schedular\Led" -I"C:\Users\Anwar\Desktop\SBME 2024\COURSES\Cortex Mx Programming\Task Schedualer\Code\Tasks_Schedular\Lib" -I"C:\Users\Anwar\Desktop\SBME 2024\COURSES\Cortex Mx Programming\Task Schedualer\Code\Tasks_Schedular\Rcc" -I"../include" -I"../system/include" -I"../system/include/cmsis" -std=gnu11 -MMD -MP -MF"src/main.d" -MT"src/main.o" -c -o "src/main.o" "../src/main.c"
Finished building: ../src/main.c
 
Building target: Tasks_Schedular.elf
Invoking: GNU Arm Cross C++ Linker
arm-none-eabi-g++ -mcpu=cortex-m4 -mthumb -mfloat-abi=soft -O0 -fmessage-length=0 -fsigned-char -ffunction-sections -fdata-sections -ffreestanding -Wall -Wextra -g -T mem.ld -T libs.ld -T sections.ld -nostartfiles -Xlinker --gc-sections -L"../ldscripts" -Wl,-Map,"Tasks_Schedular.map" --specs=nano.specs -o "Tasks_Schedular.elf" ./system/src/newlib/assert.o ./system/src/newlib/cxx.o ./system/src/newlib/exit.o ./system/src/newlib/sbrk.o ./system/src/newlib/startup.o ./system/src/newlib/syscalls.o  ./system/src/diag/trace-impl.o ./system/src/diag/trace.o  ./system/src/cortexm/exception-handlers.o ./system/src/cortexm/initialize-hardware.o ./system/src/cortexm/reset-hardware.o  ./system/src/cmsis/system_stm32f4xx.o ./system/src/cmsis/vectors_stm32f401xe.o  ./src/main.o  ./Rcc/Rcc.o  ./Led/Led.o  ./Gpio/Gpio.o  ./Delay/Delay.o   
Finished building target: Tasks_Schedular.elf
 
Invoking: GNU Arm Cross Create Flash Image
arm-none-eabi-objcopy -O ihex "Tasks_Schedular.elf"  "Tasks_Schedular.hex"
Finished building: Tasks_Schedular.hex
 
Invoking: GNU Arm Cross Print Size
arm-none-eabi-size --format=berkeley "Tasks_Schedular.elf"
   text	   data	    bss	    dec	    hex	filename
   2326	     72	    260	   2658	    a62	Tasks_Schedular.elf
Finished building: Tasks_Schedular.siz
 
23:16:17 **** Incremental Build of configuration Release for project Tasks_Schedular ****
make all 
Building file: ../src/main.c
Invoking: GNU Arm Cross C Compiler
arm-none-eabi-gcc -mcpu=cortex-m4 -mthumb -mfloat-abi=soft -O0 -fmessage-length=0 -fsigned-char -ffunction-sections -fdata-sections -ffreestanding -Wall -Wextra -g -DNDEBUG -DSTM32F401xE -DHSE_VALUE=8000000 -I"C:\Users\Anwar\Desktop\SBME 2024\COURSES\Cortex Mx Programming\Task Schedualer\Code\Tasks_Schedular\Gpio" -I"C:\Users\Anwar\Desktop\SBME 2024\COURSES\Cortex Mx Programming\Task Schedualer\Code\Tasks_Schedular\Delay" -I"C:\Users\Anwar\Desktop\SBME 2024\COURSES\Cortex Mx Programming\Task Schedualer\Code\Tasks_Schedular\Led" -I"C:\Users\Anwar\Desktop\SBME 2024\COURSES\Cortex Mx Programming\Task Schedualer\Code\Tasks_Schedular\Lib" -I"C:\Users\Anwar\Desktop\SBME 2024\COURSES\Cortex Mx Programming\Task Schedualer\Code\Tasks_Schedular\Rcc" -I"../include" -I"../system/include" -I"../system/include/cmsis" -std=gnu11 -MMD -MP -MF"src/main.d" -MT"src/main.o" -c -o "src/main.o" "../src/main.c"
Finished building: ../src/main.c
 
Building target: Tasks_Schedular.elf
Invoking: GNU Arm Cross C++ Linker
arm-none-eabi-g++ -mcpu=cortex-m4 -mthumb -mfloat-abi=soft -O0 -fmessage-length=0 -fsigned-char -ffunction-sections -fdata-sections -ffreestanding -Wall -Wextra -g -T mem.ld -T libs.ld -T sections.ld -nostartfiles -Xlinker --gc-sections -L"../ldscripts" -Wl,-Map,"Tasks_Schedular.map" --specs=nano.specs -o "Tasks_Schedular.elf" ./system/src/newlib/assert.o ./system/src/newlib/cxx.o ./system/src/newlib/exit.o ./system/src/newlib/sbrk.o ./system/src/newlib/startup.o ./system/src/newlib/syscalls.o  ./system/src/diag/trace-impl.o ./system/src/diag/trace.o  ./system/src/cortexm/exception-handlers.o ./system/src/cortexm/initialize-hardware.o ./system/src/cortexm/reset-hardware.o  ./system/src/cmsis/system_stm32f4xx.o ./system/src/cmsis/vectors_stm32f401xe.o  ./src/main.o  ./Rcc/Rcc.o  ./Led/Led.o  ./Gpio/Gpio.o  ./Delay/Delay.o   
Finished building target: Tasks_Schedular.elf
 
Invoking: GNU Arm Cross Create Flash Image
arm-none-eabi-objcopy -O ihex "Tasks_Schedular.elf"  "Tasks_Schedular.hex"
Finished building: Tasks_Schedular.hex
 
Invoking: GNU Arm Cross Print Size
arm-none-eabi-size --format=berkeley "Tasks_Schedular.elf"
   text	   data	    bss	    dec	    hex	filename
   2366	     72	    260	   2698	    a8a	Tasks_Schedular.elf
Finished building: Tasks_Schedular.siz
 
15:05:15 **** Incremental Build of configuration Release for project Tasks_Schedular ****
make all 
Building file: ../src/main.c
Invoking: GNU Arm Cross C Compiler
arm-none-eabi-gcc -mcpu=cortex-m4 -mthumb -mfloat-abi=soft -O0 -fmessage-length=0 -fsigned-char -ffunction-sections -fdata-sections -ffreestanding -Wall -Wextra -g -DNDEBUG -DSTM32F401xE -DHSE_VALUE=8000000 -I"C:\Users\Anwar\Desktop\SBME 2024\COURSES\Cortex Mx Programming\Task Schedualer\Code\Tasks_Schedular\Gpio" -I"C:\Users\Anwar\Desktop\SBME 2024\COURSES\Cortex Mx Programming\Task Schedualer\Code\Tasks_Schedular\Delay" -I"C:\Users\Anwar\Desktop\SBME 2024\COURSES\Cortex Mx Programming\Task Schedualer\Code\Tasks_Schedular\Led" -I"C:\Users\Anwar\Desktop\SBME 2024\COURSES\Cortex Mx Programming\Task Schedualer\Code\Tasks_Schedular\Lib" -I"C:\Users\Anwar\Desktop\SBME 2024\COURSES\Cortex Mx Programming\Task Schedualer\Code\Tasks_Schedular\Rcc" -I"../include" -I"../system/include" -I"../system/include/cmsis" -std=gnu11 -MMD -MP -MF"src/main.d" -MT"src/main.o" -c -o "src/main.o" "../src/main.c"
In file included from ../src/main.c:8:
../src/main.h:25:20: warning: initialization of 'uint32 *' {aka 'long unsigned int *'} from 'unsigned int' makes pointer from integer without a cast [-Wint-conversion]
   25 | #define SRAM_END   ( (SRAM_START) + (SRAM_SIZE) )
      |                    ^
../src/main.h:27:25: note: in expansion of macro 'SRAM_END'
   27 | #define T1_STACK_START  SRAM_END
      |                         ^~~~~~~~
../src/main.c:10:3: note: in expansion of macro 'T1_STACK_START'
   10 |   T1_STACK_START, T2_STACK_START,
      |   ^~~~~~~~~~~~~~
../src/main.h:25:20: note: (near initialization for 'psp_of_tasks[0]')
   25 | #define SRAM_END   ( (SRAM_START) + (SRAM_SIZE) )
      |                    ^
../src/main.h:27:25: note: in expansion of macro 'SRAM_END'
   27 | #define T1_STACK_START  SRAM_END
      |                         ^~~~~~~~
../src/main.c:10:3: note: in expansion of macro 'T1_STACK_START'
   10 |   T1_STACK_START, T2_STACK_START,
      |   ^~~~~~~~~~~~~~
../src/main.h:28:25: warning: initialization of 'uint32 *' {aka 'long unsigned int *'} from 'unsigned int' makes pointer from integer without a cast [-Wint-conversion]
   28 | #define T2_STACK_START  ( (SRAM_END) - (1 * SIZE_TASK_STACK) )
      |                         ^
../src/main.c:10:19: note: in expansion of macro 'T2_STACK_START'
   10 |   T1_STACK_START, T2_STACK_START,
      |                   ^~~~~~~~~~~~~~
../src/main.h:28:25: note: (near initialization for 'psp_of_tasks[1]')
   28 | #define T2_STACK_START  ( (SRAM_END) - (1 * SIZE_TASK_STACK) )
      |                         ^
../src/main.c:10:19: note: in expansion of macro 'T2_STACK_START'
   10 |   T1_STACK_START, T2_STACK_START,
      |                   ^~~~~~~~~~~~~~
../src/main.h:29:25: warning: initialization of 'uint32 *' {aka 'long unsigned int *'} from 'unsigned int' makes pointer from integer without a cast [-Wint-conversion]
   29 | #define T3_STACK_START  ( (SRAM_END) - (2 * SIZE_TASK_STACK) )
      |                         ^
../src/main.c:11:3: note: in expansion of macro 'T3_STACK_START'
   11 |   T3_STACK_START, T4_STACK_START
      |   ^~~~~~~~~~~~~~
../src/main.h:29:25: note: (near initialization for 'psp_of_tasks[2]')
   29 | #define T3_STACK_START  ( (SRAM_END) - (2 * SIZE_TASK_STACK) )
      |                         ^
../src/main.c:11:3: note: in expansion of macro 'T3_STACK_START'
   11 |   T3_STACK_START, T4_STACK_START
      |   ^~~~~~~~~~~~~~
../src/main.h:30:25: warning: initialization of 'uint32 *' {aka 'long unsigned int *'} from 'unsigned int' makes pointer from integer without a cast [-Wint-conversion]
   30 | #define T4_STACK_START  ( (SRAM_END) - (3 * SIZE_TASK_STACK) )
      |                         ^
../src/main.c:11:19: note: in expansion of macro 'T4_STACK_START'
   11 |   T3_STACK_START, T4_STACK_START
      |                   ^~~~~~~~~~~~~~
../src/main.h:30:25: note: (near initialization for 'psp_of_tasks[3]')
   30 | #define T4_STACK_START  ( (SRAM_END) - (3 * SIZE_TASK_STACK) )
      |                         ^
../src/main.c:11:19: note: in expansion of macro 'T4_STACK_START'
   11 |   T3_STACK_START, T4_STACK_START
      |                   ^~~~~~~~~~~~~~
../src/main.c: In function 'init_tasks_stack':
../src/main.c:92:2: error: unknown type name 'unit8'; did you mean 'uint8'?
   92 |  unit8 i;
      |  ^~~~~
      |  uint8
../src/main.c:93:18: error: 'max' undeclared (first use in this function)
   93 |  for (i = 0; i < max; ++i) {
      |                  ^~~
../src/main.c:93:18: note: each undeclared identifier is reported only once for each function it appears in
make: *** [src/subdir.mk:20: src/main.o] Error 1
"make all" terminated with exit code 2. Build might be incomplete.
15:05:57 **** Incremental Build of configuration Release for project Tasks_Schedular ****
make all 
Building file: ../src/main.c
Invoking: GNU Arm Cross C Compiler
arm-none-eabi-gcc -mcpu=cortex-m4 -mthumb -mfloat-abi=soft -O0 -fmessage-length=0 -fsigned-char -ffunction-sections -fdata-sections -ffreestanding -Wall -Wextra -g -DNDEBUG -DSTM32F401xE -DHSE_VALUE=8000000 -I"C:\Users\Anwar\Desktop\SBME 2024\COURSES\Cortex Mx Programming\Task Schedualer\Code\Tasks_Schedular\Gpio" -I"C:\Users\Anwar\Desktop\SBME 2024\COURSES\Cortex Mx Programming\Task Schedualer\Code\Tasks_Schedular\Delay" -I"C:\Users\Anwar\Desktop\SBME 2024\COURSES\Cortex Mx Programming\Task Schedualer\Code\Tasks_Schedular\Led" -I"C:\Users\Anwar\Desktop\SBME 2024\COURSES\Cortex Mx Programming\Task Schedualer\Code\Tasks_Schedular\Lib" -I"C:\Users\Anwar\Desktop\SBME 2024\COURSES\Cortex Mx Programming\Task Schedualer\Code\Tasks_Schedular\Rcc" -I"../include" -I"../system/include" -I"../system/include/cmsis" -std=gnu11 -MMD -MP -MF"src/main.d" -MT"src/main.o" -c -o "src/main.o" "../src/main.c"
../src/main.c: In function 'init_tasks_stack':
../src/main.c:92:2: error: unknown type name 'unit8'; did you mean 'uint8'?
   92 |  unit8 i;
      |  ^~~~~
      |  uint8
../src/main.c:93:18: error: 'max' undeclared (first use in this function)
   93 |  for (i = 0; i < max; ++i) {
      |                  ^~~
../src/main.c:93:18: note: each undeclared identifier is reported only once for each function it appears in
make: *** [src/subdir.mk:20: src/main.o] Error 1
"make all" terminated with exit code 2. Build might be incomplete.
15:06:33 **** Incremental Build of configuration Release for project Tasks_Schedular ****
make all 
Building file: ../src/main.c
Invoking: GNU Arm Cross C Compiler
arm-none-eabi-gcc -mcpu=cortex-m4 -mthumb -mfloat-abi=soft -O0 -fmessage-length=0 -fsigned-char -ffunction-sections -fdata-sections -ffreestanding -Wall -Wextra -g -DNDEBUG -DSTM32F401xE -DHSE_VALUE=8000000 -I"C:\Users\Anwar\Desktop\SBME 2024\COURSES\Cortex Mx Programming\Task Schedualer\Code\Tasks_Schedular\Gpio" -I"C:\Users\Anwar\Desktop\SBME 2024\COURSES\Cortex Mx Programming\Task Schedualer\Code\Tasks_Schedular\Delay" -I"C:\Users\Anwar\Desktop\SBME 2024\COURSES\Cortex Mx Programming\Task Schedualer\Code\Tasks_Schedular\Led" -I"C:\Users\Anwar\Desktop\SBME 2024\COURSES\Cortex Mx Programming\Task Schedualer\Code\Tasks_Schedular\Lib" -I"C:\Users\Anwar\Desktop\SBME 2024\COURSES\Cortex Mx Programming\Task Schedualer\Code\Tasks_Schedular\Rcc" -I"../include" -I"../system/include" -I"../system/include/cmsis" -std=gnu11 -MMD -MP -MF"src/main.d" -MT"src/main.o" -c -o "src/main.o" "../src/main.c"
Finished building: ../src/main.c
 
Building target: Tasks_Schedular.elf
Invoking: GNU Arm Cross C++ Linker
arm-none-eabi-g++ -mcpu=cortex-m4 -mthumb -mfloat-abi=soft -O0 -fmessage-length=0 -fsigned-char -ffunction-sections -fdata-sections -ffreestanding -Wall -Wextra -g -T mem.ld -T libs.ld -T sections.ld -nostartfiles -Xlinker --gc-sections -L"../ldscripts" -Wl,-Map,"Tasks_Schedular.map" --specs=nano.specs -o "Tasks_Schedular.elf" ./system/src/newlib/assert.o ./system/src/newlib/cxx.o ./system/src/newlib/exit.o ./system/src/newlib/sbrk.o ./system/src/newlib/startup.o ./system/src/newlib/syscalls.o  ./system/src/diag/trace-impl.o ./system/src/diag/trace.o  ./system/src/cortexm/exception-handlers.o ./system/src/cortexm/initialize-hardware.o ./system/src/cortexm/reset-hardware.o  ./system/src/cmsis/system_stm32f4xx.o ./system/src/cmsis/vectors_stm32f401xe.o  ./src/main.o  ./Rcc/Rcc.o  ./Led/Led.o  ./Gpio/Gpio.o  ./Delay/Delay.o   
Finished building target: Tasks_Schedular.elf
 
Invoking: GNU Arm Cross Create Flash Image
arm-none-eabi-objcopy -O ihex "Tasks_Schedular.elf"  "Tasks_Schedular.hex"
Finished building: Tasks_Schedular.hex
 
Invoking: GNU Arm Cross Print Size
arm-none-eabi-size --format=berkeley "Tasks_Schedular.elf"
   text	   data	    bss	    dec	    hex	filename
   2390	     72	    260	   2722	    aa2	Tasks_Schedular.elf
Finished building: Tasks_Schedular.siz
 
15:07:15 **** Incremental Build of configuration Release for project Tasks_Schedular ****
make all 
Building file: ../src/main.c
Invoking: GNU Arm Cross C Compiler
arm-none-eabi-gcc -mcpu=cortex-m4 -mthumb -mfloat-abi=soft -O0 -fmessage-length=0 -fsigned-char -ffunction-sections -fdata-sections -ffreestanding -Wall -Wextra -g -DNDEBUG -DSTM32F401xE -DHSE_VALUE=8000000 -I"C:\Users\Anwar\Desktop\SBME 2024\COURSES\Cortex Mx Programming\Task Schedualer\Code\Tasks_Schedular\Gpio" -I"C:\Users\Anwar\Desktop\SBME 2024\COURSES\Cortex Mx Programming\Task Schedualer\Code\Tasks_Schedular\Delay" -I"C:\Users\Anwar\Desktop\SBME 2024\COURSES\Cortex Mx Programming\Task Schedualer\Code\Tasks_Schedular\Led" -I"C:\Users\Anwar\Desktop\SBME 2024\COURSES\Cortex Mx Programming\Task Schedualer\Code\Tasks_Schedular\Lib" -I"C:\Users\Anwar\Desktop\SBME 2024\COURSES\Cortex Mx Programming\Task Schedualer\Code\Tasks_Schedular\Rcc" -I"../include" -I"../system/include" -I"../system/include/cmsis" -std=gnu11 -MMD -MP -MF"src/main.d" -MT"src/main.o" -c -o "src/main.o" "../src/main.c"
../src/main.c: In function 'init_tasks_stack':
../src/main.c:93:10: warning: variable 'psp' set but not used [-Wunused-but-set-variable]
   93 |  uint32 *psp;
      |          ^~~
Finished building: ../src/main.c
 
Building target: Tasks_Schedular.elf
Invoking: GNU Arm Cross C++ Linker
arm-none-eabi-g++ -mcpu=cortex-m4 -mthumb -mfloat-abi=soft -O0 -fmessage-length=0 -fsigned-char -ffunction-sections -fdata-sections -ffreestanding -Wall -Wextra -g -T mem.ld -T libs.ld -T sections.ld -nostartfiles -Xlinker --gc-sections -L"../ldscripts" -Wl,-Map,"Tasks_Schedular.map" --specs=nano.specs -o "Tasks_Schedular.elf" ./system/src/newlib/assert.o ./system/src/newlib/cxx.o ./system/src/newlib/exit.o ./system/src/newlib/sbrk.o ./system/src/newlib/startup.o ./system/src/newlib/syscalls.o  ./system/src/diag/trace-impl.o ./system/src/diag/trace.o  ./system/src/cortexm/exception-handlers.o ./system/src/cortexm/initialize-hardware.o ./system/src/cortexm/reset-hardware.o  ./system/src/cmsis/system_stm32f4xx.o ./system/src/cmsis/vectors_stm32f401xe.o  ./src/main.o  ./Rcc/Rcc.o  ./Led/Led.o  ./Gpio/Gpio.o  ./Delay/Delay.o   
Finished building target: Tasks_Schedular.elf
 
Invoking: GNU Arm Cross Create Flash Image
arm-none-eabi-objcopy -O ihex "Tasks_Schedular.elf"  "Tasks_Schedular.hex"
Finished building: Tasks_Schedular.hex
 
Invoking: GNU Arm Cross Print Size
arm-none-eabi-size --format=berkeley "Tasks_Schedular.elf"
   text	   data	    bss	    dec	    hex	filename
   2406	     88	    260	   2754	    ac2	Tasks_Schedular.elf
Finished building: Tasks_Schedular.siz
 
15:07:36 **** Incremental Build of configuration Release for project Tasks_Schedular ****
make all 
Building file: ../src/main.c
Invoking: GNU Arm Cross C Compiler
arm-none-eabi-gcc -mcpu=cortex-m4 -mthumb -mfloat-abi=soft -O0 -fmessage-length=0 -fsigned-char -ffunction-sections -fdata-sections -ffreestanding -Wall -Wextra -g -DNDEBUG -DSTM32F401xE -DHSE_VALUE=8000000 -I"C:\Users\Anwar\Desktop\SBME 2024\COURSES\Cortex Mx Programming\Task Schedualer\Code\Tasks_Schedular\Gpio" -I"C:\Users\Anwar\Desktop\SBME 2024\COURSES\Cortex Mx Programming\Task Schedualer\Code\Tasks_Schedular\Delay" -I"C:\Users\Anwar\Desktop\SBME 2024\COURSES\Cortex Mx Programming\Task Schedualer\Code\Tasks_Schedular\Led" -I"C:\Users\Anwar\Desktop\SBME 2024\COURSES\Cortex Mx Programming\Task Schedualer\Code\Tasks_Schedular\Lib" -I"C:\Users\Anwar\Desktop\SBME 2024\COURSES\Cortex Mx Programming\Task Schedualer\Code\Tasks_Schedular\Rcc" -I"../include" -I"../system/include" -I"../system/include/cmsis" -std=gnu11 -MMD -MP -MF"src/main.d" -MT"src/main.o" -c -o "src/main.o" "../src/main.c"
../src/main.c: In function 'init_tasks_stack':
../src/main.c:95:7: warning: assignment to 'uint32 *' {aka 'long unsigned int *'} from 'uint32' {aka 'long unsigned int'} makes pointer from integer without a cast [-Wint-conversion]
   95 |   psp = psp_of_tasks[i];
      |       ^
../src/main.c:93:10: warning: variable 'psp' set but not used [-Wunused-but-set-variable]
   93 |  uint32 *psp;
      |          ^~~
Finished building: ../src/main.c
 
Building target: Tasks_Schedular.elf
Invoking: GNU Arm Cross C++ Linker
arm-none-eabi-g++ -mcpu=cortex-m4 -mthumb -mfloat-abi=soft -O0 -fmessage-length=0 -fsigned-char -ffunction-sections -fdata-sections -ffreestanding -Wall -Wextra -g -T mem.ld -T libs.ld -T sections.ld -nostartfiles -Xlinker --gc-sections -L"../ldscripts" -Wl,-Map,"Tasks_Schedular.map" --specs=nano.specs -o "Tasks_Schedular.elf" ./system/src/newlib/assert.o ./system/src/newlib/cxx.o ./system/src/newlib/exit.o ./system/src/newlib/sbrk.o ./system/src/newlib/startup.o ./system/src/newlib/syscalls.o  ./system/src/diag/trace-impl.o ./system/src/diag/trace.o  ./system/src/cortexm/exception-handlers.o ./system/src/cortexm/initialize-hardware.o ./system/src/cortexm/reset-hardware.o  ./system/src/cmsis/system_stm32f4xx.o ./system/src/cmsis/vectors_stm32f401xe.o  ./src/main.o  ./Rcc/Rcc.o  ./Led/Led.o  ./Gpio/Gpio.o  ./Delay/Delay.o   
Finished building target: Tasks_Schedular.elf
 
Invoking: GNU Arm Cross Create Flash Image
arm-none-eabi-objcopy -O ihex "Tasks_Schedular.elf"  "Tasks_Schedular.hex"
Finished building: Tasks_Schedular.hex
 
Invoking: GNU Arm Cross Print Size
arm-none-eabi-size --format=berkeley "Tasks_Schedular.elf"
   text	   data	    bss	    dec	    hex	filename
   2406	     88	    260	   2754	    ac2	Tasks_Schedular.elf
Finished building: Tasks_Schedular.siz
 
15:07:59 **** Incremental Build of configuration Release for project Tasks_Schedular ****
make all 
Building file: ../src/main.c
Invoking: GNU Arm Cross C Compiler
arm-none-eabi-gcc -mcpu=cortex-m4 -mthumb -mfloat-abi=soft -O0 -fmessage-length=0 -fsigned-char -ffunction-sections -fdata-sections -ffreestanding -Wall -Wextra -g -DNDEBUG -DSTM32F401xE -DHSE_VALUE=8000000 -I"C:\Users\Anwar\Desktop\SBME 2024\COURSES\Cortex Mx Programming\Task Schedualer\Code\Tasks_Schedular\Gpio" -I"C:\Users\Anwar\Desktop\SBME 2024\COURSES\Cortex Mx Programming\Task Schedualer\Code\Tasks_Schedular\Delay" -I"C:\Users\Anwar\Desktop\SBME 2024\COURSES\Cortex Mx Programming\Task Schedualer\Code\Tasks_Schedular\Led" -I"C:\Users\Anwar\Desktop\SBME 2024\COURSES\Cortex Mx Programming\Task Schedualer\Code\Tasks_Schedular\Lib" -I"C:\Users\Anwar\Desktop\SBME 2024\COURSES\Cortex Mx Programming\Task Schedualer\Code\Tasks_Schedular\Rcc" -I"../include" -I"../system/include" -I"../system/include/cmsis" -std=gnu11 -MMD -MP -MF"src/main.d" -MT"src/main.o" -c -o "src/main.o" "../src/main.c"
../src/main.c: In function 'init_tasks_stack':
../src/main.c:93:10: warning: variable 'psp' set but not used [-Wunused-but-set-variable]
   93 |  uint32 *psp;
      |          ^~~
Finished building: ../src/main.c
 
Building target: Tasks_Schedular.elf
Invoking: GNU Arm Cross C++ Linker
arm-none-eabi-g++ -mcpu=cortex-m4 -mthumb -mfloat-abi=soft -O0 -fmessage-length=0 -fsigned-char -ffunction-sections -fdata-sections -ffreestanding -Wall -Wextra -g -T mem.ld -T libs.ld -T sections.ld -nostartfiles -Xlinker --gc-sections -L"../ldscripts" -Wl,-Map,"Tasks_Schedular.map" --specs=nano.specs -o "Tasks_Schedular.elf" ./system/src/newlib/assert.o ./system/src/newlib/cxx.o ./system/src/newlib/exit.o ./system/src/newlib/sbrk.o ./system/src/newlib/startup.o ./system/src/newlib/syscalls.o  ./system/src/diag/trace-impl.o ./system/src/diag/trace.o  ./system/src/cortexm/exception-handlers.o ./system/src/cortexm/initialize-hardware.o ./system/src/cortexm/reset-hardware.o  ./system/src/cmsis/system_stm32f4xx.o ./system/src/cmsis/vectors_stm32f401xe.o  ./src/main.o  ./Rcc/Rcc.o  ./Led/Led.o  ./Gpio/Gpio.o  ./Delay/Delay.o   
Finished building target: Tasks_Schedular.elf
 
Invoking: GNU Arm Cross Create Flash Image
arm-none-eabi-objcopy -O ihex "Tasks_Schedular.elf"  "Tasks_Schedular.hex"
Finished building: Tasks_Schedular.hex
 
Invoking: GNU Arm Cross Print Size
arm-none-eabi-size --format=berkeley "Tasks_Schedular.elf"
   text	   data	    bss	    dec	    hex	filename
   2406	     88	    260	   2754	    ac2	Tasks_Schedular.elf
Finished building: Tasks_Schedular.siz
 
15:09:09 **** Incremental Build of configuration Release for project Tasks_Schedular ****
make all 
Building file: ../src/main.c
Invoking: GNU Arm Cross C Compiler
arm-none-eabi-gcc -mcpu=cortex-m4 -mthumb -mfloat-abi=soft -O0 -fmessage-length=0 -fsigned-char -ffunction-sections -fdata-sections -ffreestanding -Wall -Wextra -g -DNDEBUG -DSTM32F401xE -DHSE_VALUE=8000000 -I"C:\Users\Anwar\Desktop\SBME 2024\COURSES\Cortex Mx Programming\Task Schedualer\Code\Tasks_Schedular\Gpio" -I"C:\Users\Anwar\Desktop\SBME 2024\COURSES\Cortex Mx Programming\Task Schedualer\Code\Tasks_Schedular\Delay" -I"C:\Users\Anwar\Desktop\SBME 2024\COURSES\Cortex Mx Programming\Task Schedualer\Code\Tasks_Schedular\Led" -I"C:\Users\Anwar\Desktop\SBME 2024\COURSES\Cortex Mx Programming\Task Schedualer\Code\Tasks_Schedular\Lib" -I"C:\Users\Anwar\Desktop\SBME 2024\COURSES\Cortex Mx Programming\Task Schedualer\Code\Tasks_Schedular\Rcc" -I"../include" -I"../system/include" -I"../system/include/cmsis" -std=gnu11 -MMD -MP -MF"src/main.d" -MT"src/main.o" -c -o "src/main.o" "../src/main.c"
Finished building: ../src/main.c
 
Building target: Tasks_Schedular.elf
Invoking: GNU Arm Cross C++ Linker
arm-none-eabi-g++ -mcpu=cortex-m4 -mthumb -mfloat-abi=soft -O0 -fmessage-length=0 -fsigned-char -ffunction-sections -fdata-sections -ffreestanding -Wall -Wextra -g -T mem.ld -T libs.ld -T sections.ld -nostartfiles -Xlinker --gc-sections -L"../ldscripts" -Wl,-Map,"Tasks_Schedular.map" --specs=nano.specs -o "Tasks_Schedular.elf" ./system/src/newlib/assert.o ./system/src/newlib/cxx.o ./system/src/newlib/exit.o ./system/src/newlib/sbrk.o ./system/src/newlib/startup.o ./system/src/newlib/syscalls.o  ./system/src/diag/trace-impl.o ./system/src/diag/trace.o  ./system/src/cortexm/exception-handlers.o ./system/src/cortexm/initialize-hardware.o ./system/src/cortexm/reset-hardware.o  ./system/src/cmsis/system_stm32f4xx.o ./system/src/cmsis/vectors_stm32f401xe.o  ./src/main.o  ./Rcc/Rcc.o  ./Led/Led.o  ./Gpio/Gpio.o  ./Delay/Delay.o   
Finished building target: Tasks_Schedular.elf
 
Invoking: GNU Arm Cross Create Flash Image
arm-none-eabi-objcopy -O ihex "Tasks_Schedular.elf"  "Tasks_Schedular.hex"
Finished building: Tasks_Schedular.hex
 
Invoking: GNU Arm Cross Print Size
arm-none-eabi-size --format=berkeley "Tasks_Schedular.elf"
   text	   data	    bss	    dec	    hex	filename
   2410	     88	    260	   2758	    ac6	Tasks_Schedular.elf
Finished building: Tasks_Schedular.siz
 
15:16:05 **** Incremental Build of configuration Release for project Tasks_Schedular ****
make all 
Building file: ../src/main.c
Invoking: GNU Arm Cross C Compiler
arm-none-eabi-gcc -mcpu=cortex-m4 -mthumb -mfloat-abi=soft -O0 -fmessage-length=0 -fsigned-char -ffunction-sections -fdata-sections -ffreestanding -Wall -Wextra -g -DNDEBUG -DSTM32F401xE -DHSE_VALUE=8000000 -I"C:\Users\Anwar\Desktop\SBME 2024\COURSES\Cortex Mx Programming\Task Schedualer\Code\Tasks_Schedular\Gpio" -I"C:\Users\Anwar\Desktop\SBME 2024\COURSES\Cortex Mx Programming\Task Schedualer\Code\Tasks_Schedular\Delay" -I"C:\Users\Anwar\Desktop\SBME 2024\COURSES\Cortex Mx Programming\Task Schedualer\Code\Tasks_Schedular\Led" -I"C:\Users\Anwar\Desktop\SBME 2024\COURSES\Cortex Mx Programming\Task Schedualer\Code\Tasks_Schedular\Lib" -I"C:\Users\Anwar\Desktop\SBME 2024\COURSES\Cortex Mx Programming\Task Schedualer\Code\Tasks_Schedular\Rcc" -I"../include" -I"../system/include" -I"../system/include/cmsis" -std=gnu11 -MMD -MP -MF"src/main.d" -MT"src/main.o" -c -o "src/main.o" "../src/main.c"
../src/main.c: In function 'init_tasks_stack':
../src/main.c:110:2: error: expected expression before '}' token
  110 |  }
      |  ^
make: *** [src/subdir.mk:20: src/main.o] Error 1
"make all" terminated with exit code 2. Build might be incomplete.
15:22:23 **** Incremental Build of configuration Release for project Tasks_Schedular ****
make all 
Building file: ../src/main.c
Invoking: GNU Arm Cross C Compiler
arm-none-eabi-gcc -mcpu=cortex-m4 -mthumb -mfloat-abi=soft -O0 -fmessage-length=0 -fsigned-char -ffunction-sections -fdata-sections -ffreestanding -Wall -Wextra -g -DNDEBUG -DSTM32F401xE -DHSE_VALUE=8000000 -I"C:\Users\Anwar\Desktop\SBME 2024\COURSES\Cortex Mx Programming\Task Schedualer\Code\Tasks_Schedular\Gpio" -I"C:\Users\Anwar\Desktop\SBME 2024\COURSES\Cortex Mx Programming\Task Schedualer\Code\Tasks_Schedular\Delay" -I"C:\Users\Anwar\Desktop\SBME 2024\COURSES\Cortex Mx Programming\Task Schedualer\Code\Tasks_Schedular\Led" -I"C:\Users\Anwar\Desktop\SBME 2024\COURSES\Cortex Mx Programming\Task Schedualer\Code\Tasks_Schedular\Lib" -I"C:\Users\Anwar\Desktop\SBME 2024\COURSES\Cortex Mx Programming\Task Schedualer\Code\Tasks_Schedular\Rcc" -I"../include" -I"../system/include" -I"../system/include/cmsis" -std=gnu11 -MMD -MP -MF"src/main.d" -MT"src/main.o" -c -o "src/main.o" "../src/main.c"
Finished building: ../src/main.c
 
Building target: Tasks_Schedular.elf
Invoking: GNU Arm Cross C++ Linker
arm-none-eabi-g++ -mcpu=cortex-m4 -mthumb -mfloat-abi=soft -O0 -fmessage-length=0 -fsigned-char -ffunction-sections -fdata-sections -ffreestanding -Wall -Wextra -g -T mem.ld -T libs.ld -T sections.ld -nostartfiles -Xlinker --gc-sections -L"../ldscripts" -Wl,-Map,"Tasks_Schedular.map" --specs=nano.specs -o "Tasks_Schedular.elf" ./system/src/newlib/assert.o ./system/src/newlib/cxx.o ./system/src/newlib/exit.o ./system/src/newlib/sbrk.o ./system/src/newlib/startup.o ./system/src/newlib/syscalls.o  ./system/src/diag/trace-impl.o ./system/src/diag/trace.o  ./system/src/cortexm/exception-handlers.o ./system/src/cortexm/initialize-hardware.o ./system/src/cortexm/reset-hardware.o  ./system/src/cmsis/system_stm32f4xx.o ./system/src/cmsis/vectors_stm32f401xe.o  ./src/main.o  ./Rcc/Rcc.o  ./Led/Led.o  ./Gpio/Gpio.o  ./Delay/Delay.o   
Finished building target: Tasks_Schedular.elf
 
Invoking: GNU Arm Cross Create Flash Image
arm-none-eabi-objcopy -O ihex "Tasks_Schedular.elf"  "Tasks_Schedular.hex"
Finished building: Tasks_Schedular.hex
 
Invoking: GNU Arm Cross Print Size
arm-none-eabi-size --format=berkeley "Tasks_Schedular.elf"
   text	   data	    bss	    dec	    hex	filename
   2478	    104	    260	   2842	    b1a	Tasks_Schedular.elf
Finished building: Tasks_Schedular.siz
 
15:24:50 **** Incremental Build of configuration Release for project Tasks_Schedular ****
make all 
Building file: ../src/main.c
[...]
Finished building: ../src/main.c
 
Building target: Tasks_Schedular.elf
Invoking: GNU Arm Cross C++ Linker
arm-none-eabi-g++ -mcpu=cortex-m4 -mthumb -mfloat-abi=soft -O0 -fmessage-length=0 -fsigned-char -ffunction-sections -fdata-sections -ffreestanding -Wall -Wextra -g -T mem.ld -T libs.ld -T sections.ld -nostartfiles -Xlinker --gc-sections -L"../ldscripts" -Wl,-Map,"Tasks_Schedular.map" --specs=nano.specs -o "Tasks_Schedular.elf" ./system/src/newlib/assert.o ./system/src/newlib/cxx.o ./system/src/newlib/exit.o ./system/src/newlib/sbrk.o ./system/src/newlib/startup.o ./system/src/newlib/syscalls.o  ./system/src/diag/trace-impl.o ./system/src/diag/trace.o  ./system/src/cortexm/exception-handlers.o ./system/src/cortexm/initialize-hardware.o ./system/src/cortexm/reset-hardware.o  ./system/src/cmsis/system_stm32f4xx.o ./system/src/cmsis/vectors_stm32f401xe.o  ./src/main.o  ./Rcc/Rcc.o  ./Led/Led.o  ./LCD/lcd.o  ./Gpio/Gpio.o  ./Delay/Delay.o   
Finished building target: Tasks_Schedular.elf
 
Invoking: GNU Arm Cross Create Flash Image
arm-none-eabi-objcopy -O ihex "Tasks_Schedular.elf"  "Tasks_Schedular.hex"
Finished building: Tasks_Schedular.hex
 
Invoking: GNU Arm Cross Print Size
arm-none-eabi-size --format=berkeley "Tasks_Schedular.elf"
   text	   data	    bss	    dec	    hex	filename
   5441	     76	    344	   5861	   16e5	Tasks_Schedular.elf
Finished building: Tasks_Schedular.siz
 
05:47:16 **** Incremental Build of configuration Release for project Tasks_Schedular ****
make all 
Building file: ../src/main.c
Invoking: GNU Arm Cross C Compiler
arm-none-eabi-gcc -mcpu=cortex-m4 -mthumb -mfloat-abi=soft -O0 -fmessage-length=0 -fsigned-char -ffunction-sections -fdata-sections -ffreestanding -Wall -Wextra -g -DNDEBUG -DSTM32F401xE -DHSE_VALUE=8000000 -I"C:\Users\Anwar\Desktop\SBME 2024\COURSES\Cortex Mx Programming\Task Schedualer\Code\Tasks_Schedular\Gpio" -I"C:\Users\Anwar\Desktop\SBME 2024\COURSES\Cortex Mx Programming\Task Schedualer\Code\Tasks_Schedular\LCD" -I"C:\Users\Anwar\Desktop\SBME 2024\COURSES\Cortex Mx Programming\Task Schedualer\Code\Tasks_Schedular\Delay" -I"C:\Users\Anwar\Desktop\SBME 2024\COURSES\Cortex Mx Programming\Task Schedualer\Code\Tasks_Schedular\Led" -I"C:\Users\Anwar\Desktop\SBME 2024\COURSES\Cortex Mx Programming\Task Schedualer\Code\Tasks_Schedular\Lib" -I"C:\Users\Anwar\Desktop\SBME 2024\COURSES\Cortex Mx Programming\Task Schedualer\Code\Tasks_Schedular\Rcc" -I"../include" -I"../system/include" -I"../system/include/cmsis" -std=gnu11 -MMD -MP -MF"src/main.d" -MT"src/main.o" -c -o "src/main.o" "../src/main.c"
Finished building: ../src/main.c
 
Building target: Tasks_Schedular.elf
Invoking: GNU Arm Cross C++ Linker
arm-none-eabi-g++ -mcpu=cortex-m4 -mthumb -mfloat-abi=soft -O0 -fmessage-length=0 -fsigned-char -ffunction-sections -fdata-sections -ffreestanding -Wall -Wextra -g -T mem.ld -T libs.ld -T sections.ld -nostartfiles -Xlinker --gc-sections -L"../ldscripts" -Wl,-Map,"Tasks_Schedular.map" --specs=nano.specs -o "Tasks_Schedular.elf" ./system/src/newlib/assert.o ./system/src/newlib/cxx.o ./system/src/newlib/exit.o ./system/src/newlib/sbrk.o ./system/src/newlib/startup.o ./system/src/newlib/syscalls.o  ./system/src/diag/trace-impl.o ./system/src/diag/trace.o  ./system/src/cortexm/exception-handlers.o ./system/src/cortexm/initialize-hardware.o ./system/src/cortexm/reset-hardware.o  ./system/src/cmsis/system_stm32f4xx.o ./system/src/cmsis/vectors_stm32f401xe.o  ./src/main.o  ./Rcc/Rcc.o  ./Led/Led.o  ./LCD/lcd.o  ./Gpio/Gpio.o  ./Delay/Delay.o   
Finished building target: Tasks_Schedular.elf
 
Invoking: GNU Arm Cross Create Flash Image
arm-none-eabi-objcopy -O ihex "Tasks_Schedular.elf"  "Tasks_Schedular.hex"
Finished building: Tasks_Schedular.hex
 
Invoking: GNU Arm Cross Print Size
arm-none-eabi-size --format=berkeley "Tasks_Schedular.elf"
   text	   data	    bss	    dec	    hex	filename
   5541	     76	    344	   5961	   1749	Tasks_Schedular.elf
Finished building: Tasks_Schedular.siz
 
05:49:01 **** Incremental Build of configuration Release for project Tasks_Schedular ****
make all 
Building file: ../src/main.c
Invoking: GNU Arm Cross C Compiler
arm-none-eabi-gcc -mcpu=cortex-m4 -mthumb -mfloat-abi=soft -O0 -fmessage-length=0 -fsigned-char -ffunction-sections -fdata-sections -ffreestanding -Wall -Wextra -g -DNDEBUG -DSTM32F401xE -DHSE_VALUE=8000000 -I"C:\Users\Anwar\Desktop\SBME 2024\COURSES\Cortex Mx Programming\Task Schedualer\Code\Tasks_Schedular\Gpio" -I"C:\Users\Anwar\Desktop\SBME 2024\COURSES\Cortex Mx Programming\Task Schedualer\Code\Tasks_Schedular\LCD" -I"C:\Users\Anwar\Desktop\SBME 2024\COURSES\Cortex Mx Programming\Task Schedualer\Code\Tasks_Schedular\Delay" -I"C:\Users\Anwar\Desktop\SBME 2024\COURSES\Cortex Mx Programming\Task Schedualer\Code\Tasks_Schedular\Led" -I"C:\Users\Anwar\Desktop\SBME 2024\COURSES\Cortex Mx Programming\Task Schedualer\Code\Tasks_Schedular\Lib" -I"C:\Users\Anwar\Desktop\SBME 2024\COURSES\Cortex Mx Programming\Task Schedualer\Code\Tasks_Schedular\Rcc" -I"../include" -I"../system/include" -I"../system/include/cmsis" -std=gnu11 -MMD -MP -MF"src/main.d" -MT"src/main.o" -c -o "src/main.o" "../src/main.c"
Finished building: ../src/main.c
 
Building target: Tasks_Schedular.elf
Invoking: GNU Arm Cross C++ Linker
arm-none-eabi-g++ -mcpu=cortex-m4 -mthumb -mfloat-abi=soft -O0 -fmessage-length=0 -fsigned-char -ffunction-sections -fdata-sections -ffreestanding -Wall -Wextra -g -T mem.ld -T libs.ld -T sections.ld -nostartfiles -Xlinker --gc-sections -L"../ldscripts" -Wl,-Map,"Tasks_Schedular.map" --specs=nano.specs -o "Tasks_Schedular.elf" ./system/src/newlib/assert.o ./system/src/newlib/cxx.o ./system/src/newlib/exit.o ./system/src/newlib/sbrk.o ./system/src/newlib/startup.o ./system/src/newlib/syscalls.o  ./system/src/diag/trace-impl.o ./system/src/diag/trace.o  ./system/src/cortexm/exception-handlers.o ./system/src/cortexm/initialize-hardware.o ./system/src/cortexm/reset-hardware.o  ./system/src/cmsis/system_stm32f4xx.o ./system/src/cmsis/vectors_stm32f401xe.o  ./src/main.o  ./Rcc/Rcc.o  ./Led/Led.o  ./LCD/lcd.o  ./Gpio/Gpio.o  ./Delay/Delay.o   
Finished building target: Tasks_Schedular.elf
 
Invoking: GNU Arm Cross Create Flash Image
arm-none-eabi-objcopy -O ihex "Tasks_Schedular.elf"  "Tasks_Schedular.hex"
Finished building: Tasks_Schedular.hex
 
Invoking: GNU Arm Cross Print Size
arm-none-eabi-size --format=berkeley "Tasks_Schedular.elf"
   text	   data	    bss	    dec	    hex	filename
   5557	     76	    344	   5977	   1759	Tasks_Schedular.elf
Finished building: Tasks_Schedular.siz
 
05:49:23 **** Incremental Build of configuration Release for project Tasks_Schedular ****
make all 
Invoking: GNU Arm Cross Print Size
arm-none-eabi-size --format=berkeley "Tasks_Schedular.elf"
   text	   data	    bss	    dec	    hex	filename
   5557	     76	    344	   5977	   1759	Tasks_Schedular.elf
Finished building: Tasks_Schedular.siz
 
05:49:30 **** Incremental Build of configuration Release for project Tasks_Schedular ****
make all 
Building file: ../src/main.c
Invoking: GNU Arm Cross C Compiler
arm-none-eabi-gcc -mcpu=cortex-m4 -mthumb -mfloat-abi=soft -O0 -fmessage-length=0 -fsigned-char -ffunction-sections -fdata-sections -ffreestanding -Wall -Wextra -g -DNDEBUG -DSTM32F401xE -DHSE_VALUE=8000000 -I"C:\Users\Anwar\Desktop\SBME 2024\COURSES\Cortex Mx Programming\Task Schedualer\Code\Tasks_Schedular\Gpio" -I"C:\Users\Anwar\Desktop\SBME 2024\COURSES\Cortex Mx Programming\Task Schedualer\Code\Tasks_Schedular\LCD" -I"C:\Users\Anwar\Desktop\SBME 2024\COURSES\Cortex Mx Programming\Task Schedualer\Code\Tasks_Schedular\Delay" -I"C:\Users\Anwar\Desktop\SBME 2024\COURSES\Cortex Mx Programming\Task Schedualer\Code\Tasks_Schedular\Led" -I"C:\Users\Anwar\Desktop\SBME 2024\COURSES\Cortex Mx Programming\Task Schedualer\Code\Tasks_Schedular\Lib" -I"C:\Users\Anwar\Desktop\SBME 2024\COURSES\Cortex Mx Programming\Task Schedualer\Code\Tasks_Schedular\Rcc" -I"../include" -I"../system/include" -I"../system/include/cmsis" -std=gnu11 -MMD -MP -MF"src/main.d" -MT"src/main.o" -c -o "src/main.o" "../src/main.c"
Finished building: ../src/main.c
 
Building target: Tasks_Schedular.elf
Invoking: GNU Arm Cross C++ Linker
arm-none-eabi-g++ -mcpu=cortex-m4 -mthumb -mfloat-abi=soft -O0 -fmessage-length=0 -fsigned-char -ffunction-sections -fdata-sections -ffreestanding -Wall -Wextra -g -T mem.ld -T libs.ld -T sections.ld -nostartfiles -Xlinker --gc-sections -L"../ldscripts" -Wl,-Map,"Tasks_Schedular.map" --specs=nano.specs -o "Tasks_Schedular.elf" ./system/src/newlib/assert.o ./system/src/newlib/cxx.o ./system/src/newlib/exit.o ./system/src/newlib/sbrk.o ./system/src/newlib/startup.o ./system/src/newlib/syscalls.o  ./system/src/diag/trace-impl.o ./system/src/diag/trace.o  ./system/src/cortexm/exception-handlers.o ./system/src/cortexm/initialize-hardware.o ./system/src/cortexm/reset-hardware.o  ./system/src/cmsis/system_stm32f4xx.o ./system/src/cmsis/vectors_stm32f401xe.o  ./src/main.o  ./Rcc/Rcc.o  ./Led/Led.o  ./LCD/lcd.o  ./Gpio/Gpio.o  ./Delay/Delay.o   
Finished building target: Tasks_Schedular.elf
 
Invoking: GNU Arm Cross Create Flash Image
arm-none-eabi-objcopy -O ihex "Tasks_Schedular.elf"  "Tasks_Schedular.hex"
Finished building: Tasks_Schedular.hex
 
Invoking: GNU Arm Cross Print Size
arm-none-eabi-size --format=berkeley "Tasks_Schedular.elf"
   text	   data	    bss	    dec	    hex	filename
   5541	     76	    344	   5961	   1749	Tasks_Schedular.elf
Finished building: Tasks_Schedular.siz
 
05:58:12 **** Incremental Build of configuration Release for project Tasks_Schedular ****
make all 
Building file: ../src/main.c
Invoking: GNU Arm Cross C Compiler
arm-none-eabi-gcc -mcpu=cortex-m4 -mthumb -mfloat-abi=soft -O0 -fmessage-length=0 -fsigned-char -ffunction-sections -fdata-sections -ffreestanding -Wall -Wextra -g -DNDEBUG -DSTM32F401xE -DHSE_VALUE=8000000 -I"C:\Users\Anwar\Desktop\SBME 2024\COURSES\Cortex Mx Programming\Task Schedualer\Code\Tasks_Schedular\Gpio" -I"C:\Users\Anwar\Desktop\SBME 2024\COURSES\Cortex Mx Programming\Task Schedualer\Code\Tasks_Schedular\LCD" -I"C:\Users\Anwar\Desktop\SBME 2024\COURSES\Cortex Mx Programming\Task Schedualer\Code\Tasks_Schedular\Delay" -I"C:\Users\Anwar\Desktop\SBME 2024\COURSES\Cortex Mx Programming\Task Schedualer\Code\Tasks_Schedular\Led" -I"C:\Users\Anwar\Desktop\SBME 2024\COURSES\Cortex Mx Programming\Task Schedualer\Code\Tasks_Schedular\Lib" -I"C:\Users\Anwar\Desktop\SBME 2024\COURSES\Cortex Mx Programming\Task Schedualer\Code\Tasks_Schedular\Rcc" -I"../include" -I"../system/include" -I"../system/include/cmsis" -std=gnu11 -MMD -MP -MF"src/main.d" -MT"src/main.o" -c -o "src/main.o" "../src/main.c"
Finished building: ../src/main.c
 
Building target: Tasks_Schedular.elf
Invoking: GNU Arm Cross C++ Linker
arm-none-eabi-g++ -mcpu=cortex-m4 -mthumb -mfloat-abi=soft -O0 -fmessage-length=0 -fsigned-char -ffunction-sections -fdata-sections -ffreestanding -Wall -Wextra -g -T mem.ld -T libs.ld -T sections.ld -nostartfiles -Xlinker --gc-sections -L"../ldscripts" -Wl,-Map,"Tasks_Schedular.map" --specs=nano.specs -o "Tasks_Schedular.elf" ./system/src/newlib/assert.o ./system/src/newlib/cxx.o ./system/src/newlib/exit.o ./system/src/newlib/sbrk.o ./system/src/newlib/startup.o ./system/src/newlib/syscalls.o  ./system/src/diag/trace-impl.o ./system/src/diag/trace.o  ./system/src/cortexm/exception-handlers.o ./system/src/cortexm/initialize-hardware.o ./system/src/cortexm/reset-hardware.o  ./system/src/cmsis/system_stm32f4xx.o ./system/src/cmsis/vectors_stm32f401xe.o  ./src/main.o  ./Rcc/Rcc.o  ./Led/Led.o  ./LCD/lcd.o  ./Gpio/Gpio.o  ./Delay/Delay.o   
Finished building target: Tasks_Schedular.elf
 
Invoking: GNU Arm Cross Create Flash Image
arm-none-eabi-objcopy -O ihex "Tasks_Schedular.elf"  "Tasks_Schedular.hex"
Finished building: Tasks_Schedular.hex
 
Invoking: GNU Arm Cross Print Size
arm-none-eabi-size --format=berkeley "Tasks_Schedular.elf"
   text	   data	    bss	    dec	    hex	filename
   5545	     76	    344	   5965	   174d	Tasks_Schedular.elf
Finished building: Tasks_Schedular.siz
 
05:58:29 **** Incremental Build of configuration Release for project Tasks_Schedular ****
make all 
Invoking: GNU Arm Cross Print Size
arm-none-eabi-size --format=berkeley "Tasks_Schedular.elf"
   text	   data	    bss	    dec	    hex	filename
   5545	     76	    344	   5965	   174d	Tasks_Schedular.elf
Finished building: Tasks_Schedular.siz
 
05:59:03 **** Incremental Build of configuration Release for project Tasks_Schedular ****
make all 
Invoking: GNU Arm Cross Print Size
arm-none-eabi-size --format=berkeley "Tasks_Schedular.elf"
   text	   data	    bss	    dec	    hex	filename
   5545	     76	    344	   5965	   174d	Tasks_Schedular.elf
Finished building: Tasks_Schedular.siz
 
06:04:09 **** Incremental Build of configuration Release for project Tasks_Schedular ****
make all 
Building file: ../src/main.c
Invoking: GNU Arm Cross C Compiler
arm-none-eabi-gcc -mcpu=cortex-m4 -mthumb -mfloat-abi=soft -O0 -fmessage-length=0 -fsigned-char -ffunction-sections -fdata-sections -ffreestanding -Wall -Wextra -g -DNDEBUG -DSTM32F401xE -DHSE_VALUE=8000000 -I"C:\Users\Anwar\Desktop\SBME 2024\COURSES\Cortex Mx Programming\Task Schedualer\Code\Tasks_Schedular\Gpio" -I"C:\Users\Anwar\Desktop\SBME 2024\COURSES\Cortex Mx Programming\Task Schedualer\Code\Tasks_Schedular\LCD" -I"C:\Users\Anwar\Desktop\SBME 2024\COURSES\Cortex Mx Programming\Task Schedualer\Code\Tasks_Schedular\Delay" -I"C:\Users\Anwar\Desktop\SBME 2024\COURSES\Cortex Mx Programming\Task Schedualer\Code\Tasks_Schedular\Led" -I"C:\Users\Anwar\Desktop\SBME 2024\COURSES\Cortex Mx Programming\Task Schedualer\Code\Tasks_Schedular\Lib" -I"C:\Users\Anwar\Desktop\SBME 2024\COURSES\Cortex Mx Programming\Task Schedualer\Code\Tasks_Schedular\Rcc" -I"../include" -I"../system/include" -I"../system/include/cmsis" -std=gnu11 -MMD -MP -MF"src/main.d" -MT"src/main.o" -c -o "src/main.o" "../src/main.c"
Finished building: ../src/main.c
 
Building file: ../LCD/lcd.c
Invoking: GNU Arm Cross C Compiler
arm-none-eabi-gcc -mcpu=cortex-m4 -mthumb -mfloat-abi=soft -O0 -fmessage-length=0 -fsigned-char -ffunction-sections -fdata-sections -ffreestanding -Wall -Wextra -g -DNDEBUG -DSTM32F401xE -DHSE_VALUE=8000000 -I"C:\Users\Anwar\Desktop\SBME 2024\COURSES\Cortex Mx Programming\Task Schedualer\Code\Tasks_Schedular\Gpio" -I"C:\Users\Anwar\Desktop\SBME 2024\COURSES\Cortex Mx Programming\Task Schedualer\Code\Tasks_Schedular\Delay" -I"C:\Users\Anwar\Desktop\SBME 2024\COURSES\Cortex Mx Programming\Task Schedualer\Code\Tasks_Schedular\LCD" -I"C:\Users\Anwar\Desktop\SBME 2024\COURSES\Cortex Mx Programming\Task Schedualer\Code\Tasks_Schedular\Led" -I"C:\Users\Anwar\Desktop\SBME 2024\COURSES\Cortex Mx Programming\Task Schedualer\Code\Tasks_Schedular\Lib" -I"C:\Users\Anwar\Desktop\SBME 2024\COURSES\Cortex Mx Programming\Task Schedualer\Code\Tasks_Schedular\Rcc" -I"../include" -I"../system/include" -I"../system/include/cmsis" -std=gnu11 -MMD -MP -MF"LCD/lcd.d" -MT"LCD/lcd.o" -c -o "LCD/lcd.o" "../LCD/lcd.c"
../LCD/lcd.c: In function 'LCD_intgerToString':
../LCD/lcd.c:218:2: warning: implicit declaration of function 'itoa' [-Wimplicit-function-declaration]
  218 |  itoa(data,buff,10); /* Use itoa C function to convert the data to its corresponding ASCII value, 10 for decimal */
      |  ^~~~
Finished building: ../LCD/lcd.c
 
Building target: Tasks_Schedular.elf
Invoking: GNU Arm Cross C++ Linker
arm-none-eabi-g++ -mcpu=cortex-m4 -mthumb -mfloat-abi=soft -O0 -fmessage-length=0 -fsigned-char -ffunction-sections -fdata-sections -ffreestanding -Wall -Wextra -g -T mem.ld -T libs.ld -T sections.ld -nostartfiles -Xlinker --gc-sections -L"../ldscripts" -Wl,-Map,"Tasks_Schedular.map" --specs=nano.specs -o "Tasks_Schedular.elf" ./system/src/newlib/assert.o ./system/src/newlib/cxx.o ./system/src/newlib/exit.o ./system/src/newlib/sbrk.o ./system/src/newlib/startup.o ./system/src/newlib/syscalls.o  ./system/src/diag/trace-impl.o ./system/src/diag/trace.o  ./system/src/cortexm/exception-handlers.o ./system/src/cortexm/initialize-hardware.o ./system/src/cortexm/reset-hardware.o  ./system/src/cmsis/system_stm32f4xx.o ./system/src/cmsis/vectors_stm32f401xe.o  ./src/main.o  ./Rcc/Rcc.o  ./Led/Led.o  ./LCD/lcd.o  ./Gpio/Gpio.o  ./Delay/Delay.o   
Finished building target: Tasks_Schedular.elf
 
Invoking: GNU Arm Cross Create Flash Image
arm-none-eabi-objcopy -O ihex "Tasks_Schedular.elf"  "Tasks_Schedular.hex"
Finished building: Tasks_Schedular.hex
 
Invoking: GNU Arm Cross Print Size
arm-none-eabi-size --format=berkeley "Tasks_Schedular.elf"
   text	   data	    bss	    dec	    hex	filename
   5545	     76	    344	   5965	   174d	Tasks_Schedular.elf
Finished building: Tasks_Schedular.siz
 
06:04:19 **** Incremental Build of configuration Release for project Tasks_Schedular ****
make all 
Building file: ../src/main.c
Invoking: GNU Arm Cross C Compiler
arm-none-eabi-gcc -mcpu=cortex-m4 -mthumb -mfloat-abi=soft -O0 -fmessage-length=0 -fsigned-char -ffunction-sections -fdata-sections -ffreestanding -Wall -Wextra -g -DNDEBUG -DSTM32F401xE -DHSE_VALUE=8000000 -I"C:\Users\Anwar\Desktop\SBME 2024\COURSES\Cortex Mx Programming\Task Schedualer\Code\Tasks_Schedular\Gpio" -I"C:\Users\Anwar\Desktop\SBME 2024\COURSES\Cortex Mx Programming\Task Schedualer\Code\Tasks_Schedular\LCD" -I"C:\Users\Anwar\Desktop\SBME 2024\COURSES\Cortex Mx Programming\Task Schedualer\Code\Tasks_Schedular\Delay" -I"C:\Users\Anwar\Desktop\SBME 2024\COURSES\Cortex Mx Programming\Task Schedualer\Code\Tasks_Schedular\Led" -I"C:\Users\Anwar\Desktop\SBME 2024\COURSES\Cortex Mx Programming\Task Schedualer\Code\Tasks_Schedular\Lib" -I"C:\Users\Anwar\Desktop\SBME 2024\COURSES\Cortex Mx Programming\Task Schedualer\Code\Tasks_Schedular\Rcc" -I"../include" -I"../system/include" -I"../system/include/cmsis" -std=gnu11 -MMD -MP -MF"src/main.d" -MT"src/main.o" -c -o "src/main.o" "../src/main.c"
Finished building: ../src/main.c
 
Building target: Tasks_Schedular.elf
Invoking: GNU Arm Cross C++ Linker
arm-none-eabi-g++ -mcpu=cortex-m4 -mthumb -mfloat-abi=soft -O0 -fmessage-length=0 -fsigned-char -ffunction-sections -fdata-sections -ffreestanding -Wall -Wextra -g -T mem.ld -T libs.ld -T sections.ld -nostartfiles -Xlinker --gc-sections -L"../ldscripts" -Wl,-Map,"Tasks_Schedular.map" --specs=nano.specs -o "Tasks_Schedular.elf" ./system/src/newlib/assert.o ./system/src/newlib/cxx.o ./system/src/newlib/exit.o ./system/src/newlib/sbrk.o ./system/src/newlib/startup.o ./system/src/newlib/syscalls.o  ./system/src/diag/trace-impl.o ./system/src/diag/trace.o  ./system/src/cortexm/exception-handlers.o ./system/src/cortexm/initialize-hardware.o ./system/src/cortexm/reset-hardware.o  ./system/src/cmsis/system_stm32f4xx.o ./system/src/cmsis/vectors_stm32f401xe.o  ./src/main.o  ./Rcc/Rcc.o  ./Led/Led.o  ./LCD/lcd.o  ./Gpio/Gpio.o  ./Delay/Delay.o   
Finished building target: Tasks_Schedular.elf
 
Invoking: GNU Arm Cross Create Flash Image
arm-none-eabi-objcopy -O ihex "Tasks_Schedular.elf"  "Tasks_Schedular.hex"
Finished building: Tasks_Schedular.hex
 
Invoking: GNU Arm Cross Print Size
arm-none-eabi-size --format=berkeley "Tasks_Schedular.elf"
   text	   data	    bss	    dec	    hex	filename
   5545	     76	    344	   5965	   174d	Tasks_Schedular.elf
Finished building: Tasks_Schedular.siz
 
