06:04:19 **** Incremental Build of configuration Release for project Tasks_Schedular ****
make all 
Building file: ../src/main.c
Invoking: GNU Arm Cross C Compiler
arm-none-eabi-gcc -mcpu=cortex-m4 -mthumb -mfloat-abi=soft -O0 -fmessage-length=0 -fsigned-char -ffunction-sections -fdata-sections -ffreestanding -Wall -Wextra -g -DNDEBUG -DSTM32F401xE -DHSE_VALUE=8000000 -I"C:\Users\Anwar\Desktop\SBME 2024\COURSES\Cortex Mx Programming\Task Schedualer\Code\Tasks_Schedular\Gpio" -I"C:\Users\Anwar\Desktop\SBME 2024\COURSES\Cortex Mx Programming\Task Schedualer\Code\Tasks_Schedular\LCD" -I"C:\Users\Anwar\Desktop\SBME 2024\COURSES\Cortex Mx Programming\Task Schedualer\Code\Tasks_Schedular\Delay" -I"C:\Users\Anwar\Desktop\SBME 2024\COURSES\Cortex Mx Programming\Task Schedualer\Code\Tasks_Schedular\Led" -I"C:\Users\Anwar\Desktop\SBME 2024\COURSES\Cortex Mx Programming\Task Schedualer\Code\Tasks_Schedular\Lib" -I"C:\Users\Anwar\Desktop\SBME 2024\COURSES\Cortex Mx Programming\Task Schedualer\Code\Tasks_Schedular\Rcc" -I"../include" -I"../system/include" -I"../system/include/cmsis" -std=gnu11 -MMD -MP -MF"src/main.d" -MT"src/main.o" -c -o "src/main.o" "../src/main.c"
Finished building: ../src/main.c
 
Building target: Tasks_Schedular.elf
Invoking: GNU Arm Cross C++ Linker
arm-none-eabi-g++ -mcpu=cortex-m4 -mthumb -mfloat-abi=soft -O0 -fmessage-length=0 -fsigned-char -ffunction-sections -fdata-sections -ffreestanding -Wall -Wextra -g -T mem.ld -T libs.ld -T sections.ld -nostartfiles -Xlinker --gc-sections -L"../ldscripts" -Wl,-Map,"Tasks_Schedular.map" --specs=nano.specs -o "Tasks_Schedular.elf" ./system/src/newlib/assert.o ./system/src/newlib/cxx.o ./system/src/newlib/exit.o ./system/src/newlib/sbrk.o ./system/src/newlib/startup.o ./system/src/newlib/syscalls.o  ./system/src/diag/trace-impl.o ./system/src/diag/trace.o  ./system/src/cortexm/exception-handlers.o ./system/src/cortexm/initialize-hardware.o ./system/src/cortexm/reset-hardware.o  ./system/src/cmsis/system_stm32f4xx.o ./system/src/cmsis/vectors_stm32f401xe.o  ./src/main.o  ./Rcc/Rcc.o  ./Led/Led.o  ./LCD/lcd.o  ./Gpio/Gpio.o  ./Delay/Delay.o   
Finished building target: Tasks_Schedular.elf
 
Invoking: GNU Arm Cross Create Flash Image
arm-none-eabi-objcopy -O ihex "Tasks_Schedular.elf"  "Tasks_Schedular.hex"
Finished building: Tasks_Schedular.hex
 
Invoking: GNU Arm Cross Print Size
arm-none-eabi-size --format=berkeley "Tasks_Schedular.elf"
   text	   data	    bss	    dec	    hex	filename
   5545	     76	    344	   5965	   174d	Tasks_Schedular.elf
Finished building: Tasks_Schedular.siz
 

06:04:20 Build Finished. 0 errors, 0 warnings. (took 668ms)

